Component: ARM Compiler 5.06 update 5 (build 528) Tool: armlink [4d35e2]

==============================================================================

Section Cross References

    main.o(.text) refers to _printf_pad.o(.text) for _printf_pre_padding
    main.o(.text) refers to _printf_percent.o(.ARM.Collect$$_printf_percent$$00000000) for _printf_percent
    main.o(.text) refers to _printf_d.o(.ARM.Collect$$_printf_percent$$00000009) for _printf_d
    main.o(.text) refers to _printf_dec.o(.text) for _printf_int_dec
    main.o(.text) refers to oled.o(.text) for OLED_DrawPoint
    main.o(.text) refers to strstr.o(.text) for strstr
    main.o(.text) refers to led.o(.text) for Beep
    main.o(.text) refers to strlen.o(.text) for strlen
    main.o(.text) refers to strncpy.o(.text) for strncpy
    main.o(.text) refers to atoi.o(.text) for atoi
    main.o(.text) refers to noretval__2printf.o(.text) for __2printf
    main.o(.text) refers to rt_memclr.o(.text) for __aeabi_memclr
    main.o(.text) refers to misc.o(.text) for NVIC_PriorityGroupConfig
    main.o(.text) refers to delay.o(.text) for delay_init
    main.o(.text) refers to usart.o(.text) for uart_init
    main.o(.text) refers to max30102.o(.text) for max30102_init
    main.o(.text) refers to esp8266.o(.text) for ESP_Init
    main.o(.text) refers to algorithm.o(.text) for maxim_heart_rate_and_oxygen_saturation
    main.o(.text) refers to fflt_clz.o(x$fpl$ffltu) for __aeabi_ui2f
    main.o(.text) refers to fdiv.o(x$fpl$fdiv) for __aeabi_fdiv
    main.o(.text) refers to fmul.o(x$fpl$fmul) for __aeabi_fmul
    main.o(.text) refers to ffix.o(x$fpl$ffix) for __aeabi_f2iz
    main.o(.text) refers to noretval__2sprintf.o(.text) for __2sprintf
    main.o(.text) refers to usart.o(.data) for USART_RX_STA
    main.o(.text) refers to usart.o(.bss) for USART_RX_BUF
    main.o(.text) refers to main.o(.data) for MIN_sp
    main.o(.text) refers to main.o(.bss) for aun_red_buffer
    system_stm32f10x.o(.text) refers to system_stm32f10x.o(.data) for SystemCoreClock
    led.o(.text) refers to stm32f10x_rcc.o(.text) for RCC_APB2PeriphClockCmd
    led.o(.text) refers to stm32f10x_gpio.o(.text) for GPIO_Init
    led.o(.text) refers to delay.o(.text) for delay_ms
    led.o(.text) refers to noretval__2printf.o(.text) for __2printf
    led.o(.text) refers to led.o(.conststring) for .conststring
    myiic.o(.text) refers to stm32f10x_rcc.o(.text) for RCC_APB2PeriphClockCmd
    myiic.o(.text) refers to stm32f10x_gpio.o(.text) for GPIO_Init
    myiic.o(.text) refers to delay.o(.text) for delay_us
    max30102.o(.text) refers to myiic.o(.text) for IIC_Start
    max30102.o(.text) refers to stm32f10x_rcc.o(.text) for RCC_APB2PeriphClockCmd
    max30102.o(.text) refers to stm32f10x_gpio.o(.text) for GPIO_Init
    algorithm.o(.text) refers to algorithm.o(.bss) for an_x
    algorithm.o(.text) refers to algorithm.o(.constdata) for auw_hamm
    oled.o(.text) refers to stm32f10x_rcc.o(.text) for RCC_APB2PeriphClockCmd
    oled.o(.text) refers to stm32f10x_gpio.o(.text) for GPIO_Init
    oled.o(.text) refers to delay.o(.text) for delay_ms
    oled.o(.text) refers to oled.o(.bss) for OLED_GRAM
    oled.o(.text) refers to oled.o(.constdata) for asc2_1206
    esp8266.o(.text) refers to _printf_pad.o(.text) for _printf_pre_padding
    esp8266.o(.text) refers to _printf_percent.o(.ARM.Collect$$_printf_percent$$00000000) for _printf_percent
    esp8266.o(.text) refers to _printf_d.o(.ARM.Collect$$_printf_percent$$00000009) for _printf_d
    esp8266.o(.text) refers to _printf_dec.o(.text) for _printf_int_dec
    esp8266.o(.text) refers to noretval__2printf.o(.text) for __2printf
    esp8266.o(.text) refers to delay.o(.text) for delay_ms
    esp8266.o(.text) refers to esp8266.o(.conststring) for .conststring
    delay.o(.text) refers to misc.o(.text) for SysTick_CLKSourceConfig
    delay.o(.text) refers to system_stm32f10x.o(.data) for SystemCoreClock
    delay.o(.text) refers to delay.o(.data) for fac_us
    sys.o(.text) refers to misc.o(.text) for NVIC_PriorityGroupConfig
    usart.o(.text) refers (Special) to use_no_semi_2.o(.text) for __use_no_semihosting
    usart.o(.text) refers to stm32f10x_rcc.o(.text) for RCC_APB2PeriphClockCmd
    usart.o(.text) refers to stm32f10x_usart.o(.text) for USART_DeInit
    usart.o(.text) refers to stm32f10x_gpio.o(.text) for GPIO_Init
    usart.o(.text) refers to misc.o(.text) for NVIC_Init
    usart.o(.text) refers to usart.o(.data) for USART_RX_STA
    usart.o(.text) refers to usart.o(.bss) for USART_RX_BUF
    usart.o(.bss) refers (Special) to use_no_semi_2.o(.text) for __use_no_semihosting
    usart.o(.data) refers (Special) to use_no_semi_2.o(.text) for __use_no_semihosting
    startup_stm32f10x_ld.o(STACK) refers (Special) to heapauxi.o(.text) for __use_two_region_memory
    startup_stm32f10x_ld.o(HEAP) refers (Special) to heapauxi.o(.text) for __use_two_region_memory
[...]
    lc_ctype_c.o(locale$$code) refers (Special) to libinit2.o(.ARM.Collect$$libinit$$00000012) for __rt_lib_init_lc_ctype_2
    lc_ctype_c.o(locale$$code) refers to strcmpv7m.o(.text) for strcmp
    lc_ctype_c.o(locale$$code) refers to lc_ctype_c.o(locale$$data) for __lcctype_c_name
    exit.o(.text) refers to rtexit.o(.ARM.Collect$$rtexit$$00000000) for __rt_exit
    libinit.o(.ARM.Collect$$libinit$$00000000) refers (Special) to libinit2.o(.ARM.Collect$$libinit$$0000002E) for __rt_lib_init_alloca_1
    libinit.o(.ARM.Collect$$libinit$$00000000) refers (Special) to libinit2.o(.ARM.Collect$$libinit$$0000002C) for __rt_lib_init_argv_1
    libinit.o(.ARM.Collect$$libinit$$00000000) refers (Special) to libinit2.o(.ARM.Collect$$libinit$$0000001B) for __rt_lib_init_atexit_1
    libinit.o(.ARM.Collect$$libinit$$00000000) refers (Special) to libinit2.o(.ARM.Collect$$libinit$$00000021) for __rt_lib_init_clock_1
    libinit.o(.ARM.Collect$$libinit$$00000000) refers (Special) to libinit2.o(.ARM.Collect$$libinit$$00000032) for __rt_lib_init_cpp_1
    libinit.o(.ARM.Collect$$libinit$$00000000) refers (Special) to libinit2.o(.ARM.Collect$$libinit$$00000030) for __rt_lib_init_exceptions_1
    libinit.o(.ARM.Collect$$libinit$$00000000) refers (Special) to libinit2.o(.ARM.Collect$$libinit$$00000002) for __rt_lib_init_fp_1
    libinit.o(.ARM.Collect$$libinit$$00000000) refers (Special) to libinit2.o(.ARM.Collect$$libinit$$0000001F) for __rt_lib_init_fp_trap_1
    libinit.o(.ARM.Collect$$libinit$$00000000) refers (Special) to libinit2.o(.ARM.Collect$$libinit$$00000023) for __rt_lib_init_getenv_1
    libinit.o(.ARM.Collect$$libinit$$00000000) refers (Special) to libinit2.o(.ARM.Collect$$libinit$$0000000A) for __rt_lib_init_heap_1
    libinit.o(.ARM.Collect$$libinit$$00000000) refers (Special) to libinit2.o(.ARM.Collect$$libinit$$00000011) for __rt_lib_init_lc_collate_1
    libinit.o(.ARM.Collect$$libinit$$00000000) refers (Special) to libinit2.o(.ARM.Collect$$libinit$$00000013) for __rt_lib_init_lc_ctype_1
    libinit.o(.ARM.Collect$$libinit$$00000000) refers (Special) to libinit2.o(.ARM.Collect$$libinit$$00000015) for __rt_lib_init_lc_monetary_1
    libinit.o(.ARM.Collect$$libinit$$00000000) refers (Special) to libinit2.o(.ARM.Collect$$libinit$$00000017) for __rt_lib_init_lc_numeric_1
    libinit.o(.ARM.Collect$$libinit$$00000000) refers (Special) to libinit2.o(.ARM.Collect$$libinit$$00000019) for __rt_lib_init_lc_time_1
    libinit.o(.ARM.Collect$$libinit$$00000000) refers (Special) to libinit2.o(.ARM.Collect$$libinit$$00000004) for __rt_lib_init_preinit_1
    libinit.o(.ARM.Collect$$libinit$$00000000) refers (Special) to libinit2.o(.ARM.Collect$$libinit$$0000000E) for __rt_lib_init_rand_1
    libinit.o(.ARM.Collect$$libinit$$00000000) refers (Special) to libinit2.o(.ARM.Collect$$libinit$$00000033) for __rt_lib_init_return
    libinit.o(.ARM.Collect$$libinit$$00000000) refers (Special) to libinit2.o(.ARM.Collect$$libinit$$0000001D) for __rt_lib_init_signal_1
    libinit.o(.ARM.Collect$$libinit$$00000000) refers (Special) to libinit2.o(.ARM.Collect$$libinit$$00000025) for __rt_lib_init_stdio_1
    libinit.o(.ARM.Collect$$libinit$$00000000) refers (Special) to libinit2.o(.ARM.Collect$$libinit$$0000000C) for __rt_lib_init_user_alloc_1
    rtexit.o(.ARM.Collect$$rtexit$$00000000) refers (Special) to rtexit2.o(.ARM.Collect$$rtexit$$00000004) for __rt_exit_exit
    rtexit.o(.ARM.Collect$$rtexit$$00000000) refers (Special) to rtexit2.o(.ARM.Collect$$rtexit$$00000003) for __rt_exit_ls
    rtexit.o(.ARM.Collect$$rtexit$$00000000) refers (Special) to rtexit2.o(.ARM.Collect$$rtexit$$00000002) for __rt_exit_prels_1
    rtexit.o(.ARM.exidx) refers (Special) to rtexit2.o(.ARM.Collect$$rtexit$$00000004) for __rt_exit_exit
    rtexit.o(.ARM.exidx) refers (Special) to rtexit2.o(.ARM.Collect$$rtexit$$00000003) for __rt_exit_ls
    rtexit.o(.ARM.exidx) refers (Special) to rtexit2.o(.ARM.Collect$$rtexit$$00000002) for __rt_exit_prels_1
    rtexit.o(.ARM.exidx) refers to rtexit.o(.ARM.Collect$$rtexit$$00000000) for .ARM.Collect$$rtexit$$00000000
    libinit2.o(.ARM.Collect$$libinit$$0000000F) refers (Weak) to rt_locale_intlibspace.o(.text) for __rt_locale
    libinit2.o(.ARM.Collect$$libinit$$00000010) refers to libinit2.o(.ARM.Collect$$libinit$$0000000F) for .ARM.Collect$$libinit$$0000000F
    libinit2.o(.ARM.Collect$$libinit$$00000012) refers to libinit2.o(.ARM.Collect$$libinit$$0000000F) for .ARM.Collect$$libinit$$0000000F
    libinit2.o(.ARM.Collect$$libinit$$00000012) refers (Weak) to lc_ctype_c.o(locale$$code) for _get_lc_ctype
    libinit2.o(.ARM.Collect$$libinit$$00000014) refers to libinit2.o(.ARM.Collect$$libinit$$0000000F) for .ARM.Collect$$libinit$$0000000F
    libinit2.o(.ARM.Collect$$libinit$$00000016) refers to libinit2.o(.ARM.Collect$$libinit$$0000000F) for .ARM.Collect$$libinit$$0000000F
    libinit2.o(.ARM.Collect$$libinit$$00000018) refers to libinit2.o(.ARM.Collect$$libinit$$0000000F) for .ARM.Collect$$libinit$$0000000F
    libinit2.o(.ARM.Collect$$libinit$$00000026) refers to argv_veneer.o(.emb_text) for __ARM_argv_veneer
    libinit2.o(.ARM.Collect$$libinit$$00000027) refers to argv_veneer.o(.emb_text) for __ARM_argv_veneer
    rtexit2.o(.ARM.Collect$$rtexit$$00000003) refers to libshutdown.o(.ARM.Collect$$libshutdown$$00000000) for __rt_lib_shutdown
    rtexit2.o(.ARM.Collect$$rtexit$$00000004) refers to usart.o(.text) for _sys_exit
    rtexit2.o(.ARM.exidx) refers to rtexit2.o(.ARM.Collect$$rtexit$$00000001) for .ARM.Collect$$rtexit$$00000001
    rtexit2.o(.ARM.exidx) refers to rtexit2.o(.ARM.Collect$$rtexit$$00000003) for .ARM.Collect$$rtexit$$00000003
    rtexit2.o(.ARM.exidx) refers to rtexit2.o(.ARM.Collect$$rtexit$$00000004) for .ARM.Collect$$rtexit$$00000004
    argv_veneer.o(.emb_text) refers to no_argv.o(.text) for __ARM_get_argv
    _get_argv_nomalloc.o(.text) refers (Special) to hrguard.o(.text) for __heap_region$guard
    _get_argv_nomalloc.o(.text) refers to defsig_rtmem_outer.o(.text) for __rt_SIGRTMEM
    _get_argv_nomalloc.o(.text) refers to sys_command.o(.text) for _sys_command_string
    libshutdown.o(.ARM.Collect$$libshutdown$$00000000) refers (Special) to libshutdown2.o(.ARM.Collect$$libshutdown$$00000002) for __rt_lib_shutdown_cpp_1
    libshutdown.o(.ARM.Collect$$libshutdown$$00000000) refers (Special) to libshutdown2.o(.ARM.Collect$$libshutdown$$00000007) for __rt_lib_shutdown_fp_trap_1
    libshutdown.o(.ARM.Collect$$libshutdown$$00000000) refers (Special) to libshutdown2.o(.ARM.Collect$$libshutdown$$0000000F) for __rt_lib_shutdown_heap_1
    libshutdown.o(.ARM.Collect$$libshutdown$$00000000) refers (Special) to libshutdown2.o(.ARM.Collect$$libshutdown$$00000010) for __rt_lib_shutdown_return
    libshutdown.o(.ARM.Collect$$libshutdown$$00000000) refers (Special) to libshutdown2.o(.ARM.Collect$$libshutdown$$0000000A) for __rt_lib_shutdown_signal_1
    libshutdown.o(.ARM.Collect$$libshutdown$$00000000) refers (Special) to libshutdown2.o(.ARM.Collect$$libshutdown$$00000004) for __rt_lib_shutdown_stdio_1
    libshutdown.o(.ARM.Collect$$libshutdown$$00000000) refers (Special) to libshutdown2.o(.ARM.Collect$$libshutdown$$0000000C) for __rt_lib_shutdown_user_alloc_1
    sys_command.o(.text) refers (Special) to use_no_semi.o(.text) for __I$use$semihosting
    sys_command.o(.text) refers (Special) to indicate_semi.o(.text) for __semihosting_library_function
    defsig_rtmem_outer.o(.text) refers to defsig_rtmem_inner.o(.text) for __rt_SIGRTMEM_inner
    defsig_rtmem_outer.o(.text) refers to defsig_exit.o(.text) for __sig_exit
    defsig_rtmem_formal.o(.text) refers to rt_raise.o(.text) for __rt_raise
    rt_raise.o(.text) refers to __raise.o(.text) for __raise
    rt_raise.o(.text) refers to usart.o(.text) for _sys_exit
    defsig_exit.o(.text) refers to usart.o(.text) for _sys_exit
    defsig_rtmem_inner.o(.text) refers to defsig_general.o(.text) for __default_signal_display
    __raise.o(.text) refers to defsig.o(CL$$defsig) for __default_signal_handler
    defsig_general.o(.text) refers to sys_wrch.o(.text) for _ttywrch
    sys_wrch.o(.text) refers (Special) to use_no_semi.o(.text) for __I$use$semihosting
    sys_wrch.o(.text) refers (Special) to indicate_semi.o(.text) for __semihosting_library_function
    defsig.o(CL$$defsig) refers to defsig_rtmem_inner.o(.text) for __rt_SIGRTMEM_inner
    defsig_abrt_inner.o(.text) refers to defsig_general.o(.text) for __default_signal_display
    defsig_fpe_inner.o(.text) refers to defsig_general.o(.text) for __default_signal_display
    defsig_rtred_inner.o(.text) refers to defsig_general.o(.text) for __default_signal_display
    defsig_stak_inner.o(.text) refers to defsig_general.o(.text) for __default_signal_display
    defsig_pvfn_inner.o(.text) refers to defsig_general.o(.text) for __default_signal_display
    defsig_cppl_inner.o(.text) refers to defsig_general.o(.text) for __default_signal_display
    defsig_segv_inner.o(.text) refers to defsig_general.o(.text) for __default_signal_display
    defsig_other.o(.text) refers to defsig_general.o(.text) for __default_signal_display


==============================================================================

Removing Unused input sections from the image.

    Removing sys.o(.text), (12 bytes).
    Removing core_cm3.o(.emb_text), (32 bytes).

2 unused section(s) (total 44 bytes) removed from the image.

==============================================================================

Image Symbol Table

    Local Symbols

    Symbol Name                              Value     Ov Type        Size  Object(Section)

    ../clib/angel/boardlib.s                 0x00000000   Number         0  boardinit1.o ABSOLUTE
    ../clib/angel/boardlib.s                 0x00000000   Number         0  boardshut.o ABSOLUTE
    ../clib/angel/boardlib.s                 0x00000000   Number         0  boardinit2.o ABSOLUTE
    ../clib/angel/boardlib.s                 0x00000000   Number         0  boardinit3.o ABSOLUTE
    ../clib/angel/handlers.s                 0x00000000   Number         0  __scatter_zi.o ABSOLUTE
    ../clib/angel/handlers.s                 0x00000000   Number         0  __scatter_copy.o ABSOLUTE
    ../clib/angel/kernel.s                   0x00000000   Number         0  rtexit.o ABSOLUTE
    ../clib/angel/kernel.s                   0x00000000   Number         0  rtexit2.o ABSOLUTE
    ../clib/angel/kernel.s                   0x00000000   Number         0  __rtentry.o ABSOLUTE
    ../clib/angel/kernel.s                   0x00000000   Number         0  __rtentry2.o ABSOLUTE
    ../clib/angel/kernel.s                   0x00000000   Number         0  __rtentry4.o ABSOLUTE
    ../clib/angel/rt.s                       0x00000000   Number         0  rt_locale_intlibspace.o ABSOLUTE
    ../clib/angel/rt.s                       0x00000000   Number         0  rt_errno_addr_intlibspace.o ABSOLUTE
    ../clib/angel/rt.s                       0x00000000   Number         0  rt_raise.o ABSOLUTE
    ../clib/angel/rt.s                       0x00000000   Number         0  rt_errno_addr.o ABSOLUTE
    ../clib/angel/rt.s                       0x00000000   Number         0  rt_ctype_table.o ABSOLUTE
    ../clib/angel/rt.s                       0x00000000   Number         0  rt_locale.o ABSOLUTE
    ../clib/angel/scatter.s                  0x00000000   Number         0  __scatter.o ABSOLUTE
    ../clib/angel/startup.s                  0x00000000   Number         0  __main.o ABSOLUTE
    ../clib/angel/sys.s                      0x00000000   Number         0  use_no_semi_2.o ABSOLUTE
    ../clib/angel/sys.s                      0x00000000   Number         0  indicate_semi.o ABSOLUTE
    ../clib/angel/sys.s                      0x00000000   Number         0  use_no_semi.o ABSOLUTE
    ../clib/angel/sys.s                      0x00000000   Number         0  libspace.o ABSOLUTE
    ../clib/angel/sys.s                      0x00000000   Number         0  sys_stackheap_outer.o ABSOLUTE
    ../clib/angel/sysapp.c                   0x00000000   Number         0  sys_wrch.o ABSOLUTE
    ../clib/angel/sysapp.c                   0x00000000   Number         0  sys_command.o ABSOLUTE
    ../clib/armsys.c                         0x00000000   Number         0  argv_veneer.o ABSOLUTE
    ../clib/armsys.c                         0x00000000   Number         0  no_argv.o ABSOLUTE
    ../clib/armsys.c                         0x00000000   Number         0  argv_veneer.o ABSOLUTE
    ../clib/armsys.c                         0x00000000   Number         0  _get_argv_nomalloc.o ABSOLUTE
    ../clib/heapalloc.c                      0x00000000   Number         0  hrguard.o ABSOLUTE
    ../clib/heapaux.c                        0x00000000   Number         0  heapauxi.o ABSOLUTE
    ../clib/libinit.s                        0x00000000   Number         0  libinit2.o ABSOLUTE
    ../clib/libinit.s                        0x00000000   Number         0  libinit.o ABSOLUTE
    ../clib/libinit.s                        0x00000000   Number         0  libshutdown.o ABSOLUTE
    ../clib/libinit.s                        0x00000000   Number         0  libshutdown2.o ABSOLUTE
    ../clib/locale.s                         0x00000000   Number         0  lc_ctype_c.o ABSOLUTE
    ../clib/memcpset.s                       0x00000000   Number         0  strncpy.o ABSOLUTE
    ../clib/memcpset.s                       0x00000000   Number         0  strcmpv7m.o ABSOLUTE
    ../clib/memcpset.s                       0x00000000   Number         0  rt_memclr_w.o ABSOLUTE
    ../clib/memcpset.s                       0x00000000   Number         0  rt_memclr.o ABSOLUTE
    ../clib/misc.s                           0x00000000   Number         0  printf_stubs.o ABSOLUTE
    ../clib/printf.c                         0x00000000   Number         0  _printf_intcommon.o ABSOLUTE
    ../clib/printf.c                         0x00000000   Number         0  _printf_char_common.o ABSOLUTE
    ../clib/printf.c                         0x00000000   Number         0  _sputc.o ABSOLUTE
    ../clib/printf.c                         0x00000000   Number         0  __printf_flags_ss_wp.o ABSOLUTE
    ../clib/printf.c                         0x00000000   Number         0  __printf_ss_wp.o ABSOLUTE
    ../clib/printf.c                         0x00000000   Number         0  __printf.o ABSOLUTE
    ../clib/printf.c                         0x00000000   Number         0  _printf_pad.o ABSOLUTE
    ../clib/printf.c                         0x00000000   Number         0  __printf_flags_ss.o ABSOLUTE
    ../clib/printf.c                         0x00000000   Number         0  __2printf.o ABSOLUTE
    ../clib/printf.c                         0x00000000   Number         0  noretval__2printf.o ABSOLUTE
    ../clib/printf.c                         0x00000000   Number         0  _printf_dec.o ABSOLUTE
    ../clib/printf.c                         0x00000000   Number         0  __printf_ss.o ABSOLUTE
    ../clib/printf.c                         0x00000000   Number         0  __printf_nopercent.o ABSOLUTE
    ../clib/printf.c                         0x00000000   Number         0  __2sprintf.o ABSOLUTE
    ../clib/printf.c                         0x00000000   Number         0  __printf_flags.o ABSOLUTE
    ../clib/printf.c                         0x00000000   Number         0  noretval__2sprintf.o ABSOLUTE
    ../clib/printf.c                         0x00000000   Number         0  __printf_wp.o ABSOLUTE
    ../clib/printf.c                         0x00000000   Number         0  _printf_char_file.o ABSOLUTE
    ../clib/printf.c                         0x00000000   Number         0  __printf_flags_wp.o ABSOLUTE
    ../clib/printf_percent.s                 0x00000000   Number         0  _printf_percent_end.o ABSOLUTE
    ../clib/printf_percent.s                 0x00000000   Number         0  _printf_d.o ABSOLUTE
    ../clib/printf_percent.s                 0x00000000   Number         0  _printf_percent.o ABSOLUTE
    ../clib/scanf.c                          0x00000000   Number         0  strtol.o ABSOLUTE
    ../clib/scanf.c                          0x00000000   Number         0  _strtoul.o ABSOLUTE
    ../clib/scanf.c                          0x00000000   Number         0  atoi.o ABSOLUTE
    ../clib/scanf.c                          0x00000000   Number         0  _chval.o ABSOLUTE
    ../clib/signal.c                         0x00000000   Number         0  defsig_fpe_inner.o ABSOLUTE
    ../clib/signal.c                         0x00000000   Number         0  defsig_abrt_inner.o ABSOLUTE
    ../clib/signal.c                         0x00000000   Number         0  defsig_general.o ABSOLUTE
    ../clib/signal.c                         0x00000000   Number         0  __raise.o ABSOLUTE
    ../clib/signal.c                         0x00000000   Number         0  defsig_rtmem_inner.o ABSOLUTE
    ../clib/signal.c                         0x00000000   Number         0  defsig_exit.o ABSOLUTE
    ../clib/signal.c                         0x00000000   Number         0  defsig_rtmem_formal.o ABSOLUTE
    ../clib/signal.c                         0x00000000   Number         0  defsig_rtmem_outer.o ABSOLUTE
    ../clib/signal.c                         0x00000000   Number         0  defsig_other.o ABSOLUTE
    ../clib/signal.c                         0x00000000   Number         0  defsig_segv_inner.o ABSOLUTE
    ../clib/signal.c                         0x00000000   Number         0  defsig_cppl_inner.o ABSOLUTE
    ../clib/signal.c                         0x00000000   Number         0  defsig_pvfn_inner.o ABSOLUTE
    ../clib/signal.c                         0x00000000   Number         0  defsig_stak_inner.o ABSOLUTE
    ../clib/signal.c                         0x00000000   Number         0  defsig_rtred_inner.o ABSOLUTE
    ../clib/signal.s                         0x00000000   Number         0  defsig.o ABSOLUTE
    ../clib/stdio.c                          0x00000000   Number         0  ferror.o ABSOLUTE
    ../clib/stdio.c                          0x00000000   Number         0  ferror_locked.o ABSOLUTE
    ../clib/stdlib.c                         0x00000000   Number         0  exit.o ABSOLUTE
    ../clib/string.c                         0x00000000   Number         0  strstr.o ABSOLUTE
    ../clib/string.c                         0x00000000   Number         0  strlen.o ABSOLUTE
    ../fplib/fdiv.s                          0x00000000   Number         0  fdiv.o ABSOLUTE
    ../fplib/ffix.s                          0x00000000   Number         0  ffix.o ABSOLUTE
    ../fplib/fflt.s                          0x00000000   Number         0  fflt_clz.o ABSOLUTE
    ../fplib/fmul.s                          0x00000000   Number         0  fmul.o ABSOLUTE
    ../fplib/fnaninf.s                       0x00000000   Number         0  fnaninf.o ABSOLUTE
    ../fplib/fpinit.s                        0x00000000   Number         0  fpinit.o ABSOLUTE
    ../fplib/fretinf.s                       0x00000000   Number         0  fretinf.o ABSOLUTE
    ../fplib/usenofp.s                       0x00000000   Number         0  usenofp.o ABSOLUTE
    ..\..\..\MAX30102\MAX30102\CORE\startup_stm32f10x_ld.s 0x00000000   Number         0  startup_stm32f10x_ld.o ABSOLUTE
    ..\CORE\core_cm3.c                       0x00000000   Number         0  core_cm3.o ABSOLUTE
    ..\HARDWARE\IIC\algorithm.c              0x00000000   Number         0  algorithm.o ABSOLUTE
    ..\HARDWARE\IIC\max30102.c               0x00000000   Number         0  max30102.o ABSOLUTE
    ..\HARDWARE\IIC\myiic.c                  0x00000000   Number         0  myiic.o ABSOLUTE
    ..\HARDWARE\LED\led.c                    0x00000000   Number         0  led.o ABSOLUTE
    ..\HARDWARE\OLED\oled.c                  0x00000000   Number         0  oled.o ABSOLUTE
    ..\STM32F10x_FWLib\src\misc.c            0x00000000   Number         0  misc.o ABSOLUTE
    ..\STM32F10x_FWLib\src\stm32f10x_gpio.c  0x00000000   Number         0  stm32f10x_gpio.o ABSOLUTE
    ..\STM32F10x_FWLib\src\stm32f10x_rcc.c   0x00000000   Number         0  stm32f10x_rcc.o ABSOLUTE
    ..\STM32F10x_FWLib\src\stm32f10x_usart.c 0x00000000   Number         0  stm32f10x_usart.o ABSOLUTE
    ..\SYSTEM\delay\delay.c                  0x00000000   Number         0  delay.o ABSOLUTE
    ..\SYSTEM\sys\sys.c                      0x00000000   Number         0  sys.o ABSOLUTE
    ..\SYSTEM\usart\usart.c                  0x00000000   Number         0  usart.o ABSOLUTE
    ..\\CORE\\core_cm3.c                     0x00000000   Number         0  core_cm3.o ABSOLUTE
    ESP8266.c                                0x00000000   Number         0  esp8266.o ABSOLUTE
    dc.s                                     0x00000000   Number         0  dc.o ABSOLUTE
    main.c                                   0x00000000   Number         0  main.o ABSOLUTE
    stm32f10x_it.c                           0x00000000   Number         0  stm32f10x_it.o ABSOLUTE
    system_stm32f10x.c                       0x00000000   Number         0  system_stm32f10x.o ABSOLUTE
    RESET                                    0x08000000   Section      236  startup_stm32f10x_ld.o(RESET)
    !!!main                                  0x080000ec   Section        8  __main.o(!!!main)
    !!!scatter                               0x080000f4   Section       52  __scatter.o(!!!scatter)
    !!handler_copy                           0x08000128   Section       26  __scatter_copy.o(!!handler_copy)
    !!handler_zi                             0x08000144   Section       28  __scatter_zi.o(!!handler_zi)
    .ARM.Collect$$_printf_percent$$00000000  0x08000160   Section        0  _printf_percent.o(.ARM.Collect$$_printf_percent$$00000000)
    .ARM.Collect$$_printf_percent$$00000009  0x08000160   Section        6  _printf_d.o(.ARM.Collect$$_printf_percent$$00000009)
    .ARM.Collect$$_printf_percent$$00000017  0x08000166   Section        4  _printf_percent_end.o(.ARM.Collect$$_printf_percent$$00000017)
    .ARM.Collect$$libinit$$00000000          0x0800016a   Section        2  libinit.o(.ARM.Collect$$libinit$$00000000)
    .ARM.Collect$$libinit$$00000002          0x0800016c   Section        0  libinit2.o(.ARM.Collect$$libinit$$00000002)
    .ARM.Collect$$libinit$$00000004          0x0800016c   Section        0  libinit2.o(.ARM.Collect$$libinit$$00000004)
    .ARM.Collect$$libinit$$0000000A          0x0800016c   Section        0  libinit2.o(.ARM.Collect$$libinit$$0000000A)
    .ARM.Collect$$libinit$$0000000C          0x0800016c   Section        0  libinit2.o(.ARM.Collect$$libinit$$0000000C)
    .ARM.Collect$$libinit$$0000000E          0x0800016c   Section        0  libinit2.o(.ARM.Collect$$libinit$$0000000E)
    .ARM.Collect$$libinit$$0000000F          0x0800016c   Section        6  libinit2.o(.ARM.Collect$$libinit$$0000000F)
    .ARM.Collect$$libinit$$00000011          0x08000172   Section        0  libinit2.o(.ARM.Collect$$libinit$$00000011)
    .ARM.Collect$$libinit$$00000012          0x08000172   Section       12  libinit2.o(.ARM.Collect$$libinit$$00000012)
    .ARM.Collect$$libinit$$00000013          0x0800017e   Section        0  libinit2.o(.ARM.Collect$$libinit$$00000013)
    .ARM.Collect$$libinit$$00000015          0x0800017e   Section        0  libinit2.o(.ARM.Collect$$libinit$$00000015)
    .ARM.Collect$$libinit$$00000017          0x0800017e   Section        0  libinit2.o(.ARM.Collect$$libinit$$00000017)
    .ARM.Collect$$libinit$$00000019          0x0800017e   Section        0  libinit2.o(.ARM.Collect$$libinit$$00000019)
    .ARM.Collect$$libinit$$0000001B          0x0800017e   Section        0  libinit2.o(.ARM.Collect$$libinit$$0000001B)
    .ARM.Collect$$libinit$$0000001D          0x0800017e   Section        0  libinit2.o(.ARM.Collect$$libinit$$0000001D)
    .ARM.Collect$$libinit$$0000001F          0x0800017e   Section        0  libinit2.o(.ARM.Collect$$libinit$$0000001F)
    .ARM.Collect$$libinit$$00000021          0x0800017e   Section        0  libinit2.o(.ARM.Collect$$libinit$$00000021)
    .ARM.Collect$$libinit$$00000023          0x0800017e   Section        0  libinit2.o(.ARM.Collect$$libinit$$00000023)
    .ARM.Collect$$libinit$$00000025          0x0800017e   Section        0  libinit2.o(.ARM.Collect$$libinit$$00000025)
    .ARM.Collect$$libinit$$0000002C          0x0800017e   Section        0  libinit2.o(.ARM.Collect$$libinit$$0000002C)
    .ARM.Collect$$libinit$$0000002E          0x0800017e   Section        0  libinit2.o(.ARM.Collect$$libinit$$0000002E)
    .ARM.Collect$$libinit$$00000030          0x0800017e   Section        0  libinit2.o(.ARM.Collect$$libinit$$00000030)
    .ARM.Collect$$libinit$$00000032          0x0800017e   Section        0  libinit2.o(.ARM.Collect$$libinit$$00000032)
    .ARM.Collect$$libinit$$00000033          0x0800017e   Section        2  libinit2.o(.ARM.Collect$$libinit$$00000033)
    .ARM.Collect$$libshutdown$$00000000      0x08000180   Section        2  libshutdown.o(.ARM.Collect$$libshutdown$$00000000)
    .ARM.Collect$$libshutdown$$00000002      0x08000182   Section        0  libshutdown2.o(.ARM.Collect$$libshutdown$$00000002)
    .ARM.Collect$$libshutdown$$00000004      0x08000182   Section        0  libshutdown2.o(.ARM.Collect$$libshutdown$$00000004)
    .ARM.Collect$$libshutdown$$00000007      0x08000182   Section        0  libshutdown2.o(.ARM.Collect$$libshutdown$$00000007)
    .ARM.Collect$$libshutdown$$0000000A      0x08000182   Section        0  libshutdown2.o(.ARM.Collect$$libshutdown$$0000000A)
    .ARM.Collect$$libshutdown$$0000000C      0x08000182   Section        0  libshutdown2.o(.ARM.Collect$$libshutdown$$0000000C)
    .ARM.Collect$$libshutdown$$0000000F      0x08000182   Section        0  libshutdown2.o(.ARM.Collect$$libshutdown$$0000000F)
    .ARM.Collect$$libshutdown$$00000010      0x08000182   Section        2  libshutdown2.o(.ARM.Collect$$libshutdown$$00000010)
    .ARM.Collect$$rtentry$$00000000          0x08000184   Section        0  __rtentry.o(.ARM.Collect$$rtentry$$00000000)
    .ARM.Collect$$rtentry$$00000002          0x08000184   Section        0  __rtentry2.o(.ARM.Collect$$rtentry$$00000002)
    .ARM.Collect$$rtentry$$00000004          0x08000184   Section        6  __rtentry4.o(.ARM.Collect$$rtentry$$00000004)
    .ARM.Collect$$rtentry$$00000009          0x0800018a   Section        0  __rtentry2.o(.ARM.Collect$$rtentry$$00000009)
    .ARM.Collect$$rtentry$$0000000A          0x0800018a   Section        4  __rtentry2.o(.ARM.Collect$$rtentry$$0000000A)
    .ARM.Collect$$rtentry$$0000000C          0x0800018e   Section        0  __rtentry2.o(.ARM.Collect$$rtentry$$0000000C)
    .ARM.Collect$$rtentry$$0000000D          0x0800018e   Section        8  __rtentry2.o(.ARM.Collect$$rtentry$$0000000D)
    .ARM.Collect$$rtexit$$00000000           0x08000196   Section        2  rtexit.o(.ARM.Collect$$rtexit$$00000000)
    .ARM.Collect$$rtexit$$00000002           0x08000198   Section        0  rtexit2.o(.ARM.Collect$$rtexit$$00000002)
    .ARM.Collect$$rtexit$$00000003           0x08000198   Section        4  rtexit2.o(.ARM.Collect$$rtexit$$00000003)
    .ARM.Collect$$rtexit$$00000004           0x0800019c   Section        6  rtexit2.o(.ARM.Collect$$rtexit$$00000004)
    .text                                    0x080001a4   Section        0  main.o(.text)
    .text                                    0x080006d2   Section        0  stm32f10x_it.o(.text)
    .text                                    0x080006ec   Section        0  system_stm32f10x.o(.text)
    SetSysClockTo72                          0x080006ed   Thumb Code   214  system_stm32f10x.o(.text)
    SetSysClock                              0x080007c3   Thumb Code     8  system_stm32f10x.o(.text)
    .text                                    0x080008cc   Section        0  led.o(.text)
    .text                                    0x08000a48   Section        0  myiic.o(.text)
    .text                                    0x08000dcc   Section        0  max30102.o(.text)
    .text                                    0x080010c4   Section        0  algorithm.o(.text)
    .text                                    0x08001768   Section        0  oled.o(.text)
    .text                                    0x08001c30   Section        0  esp8266.o(.text)
    .text                                    0x08001c9c   Section        0  delay.o(.text)
    .text                                    0x08001d70   Section        0  usart.o(.text)
    .text                                    0x08001eb8   Section       64  startup_stm32f10x_ld.o(.text)
    .text                                    0x08001ef8   Section        0  stm32f10x_gpio.o(.text)
    .text                                    0x08002254   Section        0  stm32f10x_rcc.o(.text)
    .text                                    0x080025f8   Section        0  stm32f10x_usart.o(.text)
    .text                                    0x08002a00   Section        0  misc.o(.text)
    .text                                    0x08002adc   Section        2  use_no_semi_2.o(.text)
    .text                                    0x08002ae0   Section        0  noretval__2printf.o(.text)
    .text                                    0x08002af8   Section        0  noretval__2sprintf.o(.text)
    .text                                    0x08002b20   Section        0  _printf_pad.o(.text)
    .text                                    0x08002b70   Section        0  _printf_dec.o(.text)
    .text                                    0x08002be8   Section        0  __printf_wp.o(.text)
    .text                                    0x08002cf6   Section        0  atoi.o(.text)
    .text                                    0x08002d10   Section        0  strstr.o(.text)
    .text                                    0x08002d34   Section        0  strlen.o(.text)
    .text                                    0x08002d72   Section       68  rt_memclr.o(.text)
    .text                                    0x08002db6   Section       86  strncpy.o(.text)
    .text                                    0x08002e0c   Section        0  heapauxi.o(.text)
    .text                                    0x08002e12   Section        2  use_no_semi.o(.text)
    .text                                    0x08002e14   Section        8  rt_errno_addr_intlibspace.o(.text)
    .text                                    0x08002e1c   Section        0  _printf_intcommon.o(.text)
    .text                                    0x08002ed0   Section        0  _printf_char_common.o(.text)
    _printf_input_char                       0x08002ed1   Thumb Code    10  _printf_char_common.o(.text)
    .text                                    0x08002f00   Section        0  _sputc.o(.text)
    .text                                    0x08002f0c   Section        0  _printf_char_file.o(.text)
    .text                                    0x08002f30   Section        0  strtol.o(.text)
    .text                                    0x08002fa0   Section       78  rt_memclr_w.o(.text)
    .text                                    0x08002ff0   Section        8  libspace.o(.text)
    .text                                    0x08002ff8   Section       16  rt_ctype_table.o(.text)
    .text                                    0x08003008   Section        0  _strtoul.o(.text)
    .text                                    0x080030a6   Section        0  ferror.o(.text)
    .text                                    0x080030ae   Section       74  sys_stackheap_outer.o(.text)
    .text                                    0x080030f8   Section        8  rt_locale_intlibspace.o(.text)
    .text                                    0x08003100   Section        0  _chval.o(.text)
    .text                                    0x0800311c   Section        0  exit.o(.text)
    .text                                    0x08003130   Section      128  strcmpv7m.o(.text)
    i._is_digit                              0x080031b0   Section        0  __printf_wp.o(i._is_digit)
    locale$$code                             0x080031c0   Section       44  lc_ctype_c.o(locale$$code)
    x$fpl$fdiv                               0x080031ec   Section      388  fdiv.o(x$fpl$fdiv)
    _fdiv1                                   0x080031ed   Thumb Code     0  fdiv.o(x$fpl$fdiv)
    x$fpl$ffix                               0x08003370   Section       54  ffix.o(x$fpl$ffix)
    x$fpl$ffltu                              0x080033a8   Section       38  fflt_clz.o(x$fpl$ffltu)
    x$fpl$fmul                               0x080033d0   Section      258  fmul.o(x$fpl$fmul)
    x$fpl$fnaninf                            0x080034d2   Section      140  fnaninf.o(x$fpl$fnaninf)
    x$fpl$fretinf                            0x0800355e   Section       10  fretinf.o(x$fpl$fretinf)
    .constdata                               0x08003568   Section      246  algorithm.o(.constdata)
    x$fpl$usenofp                            0x08003568   Section        0  usenofp.o(x$fpl$usenofp)
    .constdata                               0x0800365e   Section     6080  oled.o(.constdata)
    .conststring                             0x08004e20   Section      185  led.o(.conststring)
    .conststring                             0x08004edc   Section      686  esp8266.o(.conststring)
    locale$$data                             0x080051ac   Section      272  lc_ctype_c.o(locale$$data)
    __lcctype_c_name                         0x080051b0   Data           2  lc_ctype_c.o(locale$$data)
    __lcctype_c_start                        0x080051b8   Data           0  lc_ctype_c.o(locale$$data)
    __lcctype_c_end                          0x080052bc   Data           0  lc_ctype_c.o(locale$$data)
    .data                                    0x20000000   Section       20  main.o(.data)
    .data                                    0x20000014   Section       20  system_stm32f10x.o(.data)
    .data                                    0x20000028   Section        4  delay.o(.data)
    fac_us                                   0x20000028   Data           1  delay.o(.data)
    fac_ms                                   0x2000002a   Data           2  delay.o(.data)
    .data                                    0x2000002c   Section        6  usart.o(.data)
    .data                                    0x20000032   Section       20  stm32f10x_rcc.o(.data)
    APBAHBPrescTable                         0x20000032   Data          16  stm32f10x_rcc.o(.data)
    ADCPrescTable                            0x20000042   Data           4  stm32f10x_rcc.o(.data)
    .bss                                     0x20000048   Section     4000  main.o(.bss)
    .bss                                     0x20000fe8   Section     5984  algorithm.o(.bss)
    an_dx                                    0x20000fe8   Data        1984  algorithm.o(.bss)
    an_x                                     0x200017a8   Data        2000  algorithm.o(.bss)
    an_y                                     0x20001f78   Data        2000  algorithm.o(.bss)
    .bss                                     0x20002748   Section     1024  oled.o(.bss)
    .bss                                     0x20002b48   Section      200  usart.o(.bss)
    .bss                                     0x20002c10   Section       96  libspace.o(.bss)
    HEAP                                     0x20002c70   Section      512  startup_stm32f10x_ld.o(HEAP)
    Heap_Mem                                 0x20002c70   Data         512  startup_stm32f10x_ld.o(HEAP)
    STACK                                    0x20002e70   Section     1024  startup_stm32f10x_ld.o(STACK)
    Stack_Mem                                0x20002e70   Data        1024  startup_stm32f10x_ld.o(STACK)
    __initial_sp                             0x20003270   Data           0  startup_stm32f10x_ld.o(STACK)

    Global Symbols

    Symbol Name                              Value     Ov Type        Size  Object(Section)

    BuildAttributes$$THM_ISAv4$P$D$K$B$S$PE$A:L22UL41UL21$X:L11$S22US41US21$IEEE1$IW$USESV6$~STKCKD$USESV7$~SHL$OSPACE$ROPI$EBA8$UX$STANDARDLIB$REQ8$PRES8$EABIv2 0x00000000   Number         0  anon$$obj.o ABSOLUTE
    __ARM_use_no_argv                        0x00000000   Number         0  main.o ABSOLUTE
    _printf_flags                            0x00000000   Number         0  printf_stubs.o ABSOLUTE
    _printf_return_value                     0x00000000   Number         0  printf_stubs.o ABSOLUTE
    _printf_sizespec                         0x00000000   Number         0  printf_stubs.o ABSOLUTE
    _printf_widthprec                        0x00000000   Number         0  printf_stubs.o ABSOLUTE
    __ARM_exceptions_init                     - Undefined Weak Reference
    __alloca_initialize                       - Undefined Weak Reference
    __arm_preinit_                            - Undefined Weak Reference
    __cpp_initialize__aeabi_                  - Undefined Weak Reference
    __cxa_finalize                            - Undefined Weak Reference
    __sigvec_lookup                           - Undefined Weak Reference
    _atexit_init                              - Undefined Weak Reference
    _call_atexit_fns                          - Undefined Weak Reference
    _clock_init                               - Undefined Weak Reference
    _fp_trap_init                             - Undefined Weak Reference
    _fp_trap_shutdown                         - Undefined Weak Reference
    _get_lc_collate                           - Undefined Weak Reference
    _get_lc_monetary                          - Undefined Weak Reference
    _get_lc_numeric                           - Undefined Weak Reference
    _get_lc_time                              - Undefined Weak Reference
    _getenv_init                              - Undefined Weak Reference
    _handle_redirection                       - Undefined Weak Reference
    _init_alloc                               - Undefined Weak Reference
    _init_user_alloc                          - Undefined Weak Reference
    _initio                                   - Undefined Weak Reference
    _mutex_acquire                            - Undefined Weak Reference
    _mutex_release                            - Undefined Weak Reference
    _printf_truncate_signed                   - Undefined Weak Reference
    _printf_truncate_unsigned                 - Undefined Weak Reference
    _rand_init                                - Undefined Weak Reference
    _signal_finish                            - Undefined Weak Reference
    _signal_init                              - Undefined Weak Reference
    _terminate_alloc                          - Undefined Weak Reference
    _terminate_user_alloc                     - Undefined Weak Reference
    _terminateio                              - Undefined Weak Reference
    __Vectors_Size                           0x000000ec   Number         0  startup_stm32f10x_ld.o ABSOLUTE
    __Vectors                                0x08000000   Data           4  startup_stm32f10x_ld.o(RESET)
    __Vectors_End                            0x080000ec   Data           0  startup_stm32f10x_ld.o(RESET)
    __main                                   0x080000ed   Thumb Code     8  __main.o(!!!main)
    __scatterload                            0x080000f5   Thumb Code     0  __scatter.o(!!!scatter)
    __scatterload_rt2                        0x080000f5   Thumb Code    44  __scatter.o(!!!scatter)
    __scatterload_rt2_thumb_only             0x080000f5   Thumb Code     0  __scatter.o(!!!scatter)
    __scatterload_null                       0x08000103   Thumb Code     0  __scatter.o(!!!scatter)
    __scatterload_copy                       0x08000129   Thumb Code    26  __scatter_copy.o(!!handler_copy)
    __scatterload_zeroinit                   0x08000145   Thumb Code    28  __scatter_zi.o(!!handler_zi)
    _printf_d                                0x08000161   Thumb Code     0  _printf_d.o(.ARM.Collect$$_printf_percent$$00000009)
    _printf_percent                          0x08000161   Thumb Code     0  _printf_percent.o(.ARM.Collect$$_printf_percent$$00000000)
    _printf_percent_end                      0x08000167   Thumb Code     0  _printf_percent_end.o(.ARM.Collect$$_printf_percent$$00000017)
    __rt_lib_init                            0x0800016b   Thumb Code     0  libinit.o(.ARM.Collect$$libinit$$00000000)
    __rt_lib_init_fp_1                       0x0800016d   Thumb Code     0  libinit2.o(.ARM.Collect$$libinit$$00000002)
    __rt_lib_init_heap_1                     0x0800016d   Thumb Code     0  libinit2.o(.ARM.Collect$$libinit$$0000000A)
    __rt_lib_init_lc_common                  0x0800016d   Thumb Code     0  libinit2.o(.ARM.Collect$$libinit$$0000000F)
    __rt_lib_init_preinit_1                  0x0800016d   Thumb Code     0  libinit2.o(.ARM.Collect$$libinit$$00000004)
    __rt_lib_init_rand_1                     0x0800016d   Thumb Code     0  libinit2.o(.ARM.Collect$$libinit$$0000000E)
    __rt_lib_init_user_alloc_1               0x0800016d   Thumb Code     0  libinit2.o(.ARM.Collect$$libinit$$0000000C)
    __rt_lib_init_lc_collate_1               0x08000173   Thumb Code     0  libinit2.o(.ARM.Collect$$libinit$$00000011)
    __rt_lib_init_lc_ctype_2                 0x08000173   Thumb Code     0  libinit2.o(.ARM.Collect$$libinit$$00000012)
    __rt_lib_init_alloca_1                   0x0800017f   Thumb Code     0  libinit2.o(.ARM.Collect$$libinit$$0000002E)
    __rt_lib_init_argv_1                     0x0800017f   Thumb Code     0  libinit2.o(.ARM.Collect$$libinit$$0000002C)
    __rt_lib_init_atexit_1                   0x0800017f   Thumb Code     0  libinit2.o(.ARM.Collect$$libinit$$0000001B)
    __rt_lib_init_clock_1                    0x0800017f   Thumb Code     0  libinit2.o(.ARM.Collect$$libinit$$00000021)
    __rt_lib_init_cpp_1                      0x0800017f   Thumb Code     0  libinit2.o(.ARM.Collect$$libinit$$00000032)
    __rt_lib_init_exceptions_1               0x0800017f   Thumb Code     0  libinit2.o(.ARM.Collect$$libinit$$00000030)
    __rt_lib_init_fp_trap_1                  0x0800017f   Thumb Code     0  libinit2.o(.ARM.Collect$$libinit$$0000001F)
    __rt_lib_init_getenv_1                   0x0800017f   Thumb Code     0  libinit2.o(.ARM.Collect$$libinit$$00000023)
    __rt_lib_init_lc_ctype_1                 0x0800017f   Thumb Code     0  libinit2.o(.ARM.Collect$$libinit$$00000013)
    __rt_lib_init_lc_monetary_1              0x0800017f   Thumb Code     0  libinit2.o(.ARM.Collect$$libinit$$00000015)
    __rt_lib_init_lc_numeric_1               0x0800017f   Thumb Code     0  libinit2.o(.ARM.Collect$$libinit$$00000017)
    __rt_lib_init_lc_time_1                  0x0800017f   Thumb Code     0  libinit2.o(.ARM.Collect$$libinit$$00000019)
    __rt_lib_init_return                     0x0800017f   Thumb Code     0  libinit2.o(.ARM.Collect$$libinit$$00000033)
    __rt_lib_init_signal_1                   0x0800017f   Thumb Code     0  libinit2.o(.ARM.Collect$$libinit$$0000001D)
    __rt_lib_init_stdio_1                    0x0800017f   Thumb Code     0  libinit2.o(.ARM.Collect$$libinit$$00000025)
    __rt_lib_shutdown                        0x08000181   Thumb Code     0  libshutdown.o(.ARM.Collect$$libshutdown$$00000000)
    __rt_lib_shutdown_cpp_1                  0x08000183   Thumb Code     0  libshutdown2.o(.ARM.Collect$$libshutdown$$00000002)
    __rt_lib_shutdown_fp_trap_1              0x08000183   Thumb Code     0  libshutdown2.o(.ARM.Collect$$libshutdown$$00000007)
    __rt_lib_shutdown_heap_1                 0x08000183   Thumb Code     0  libshutdown2.o(.ARM.Collect$$libshutdown$$0000000F)
    __rt_lib_shutdown_return                 0x08000183   Thumb Code     0  libshutdown2.o(.ARM.Collect$$libshutdown$$00000010)
    __rt_lib_shutdown_signal_1               0x08000183   Thumb Code     0  libshutdown2.o(.ARM.Collect$$libshutdown$$0000000A)
    __rt_lib_shutdown_stdio_1                0x08000183   Thumb Code     0  libshutdown2.o(.ARM.Collect$$libshutdown$$00000004)
    __rt_lib_shutdown_user_alloc_1           0x08000183   Thumb Code     0  libshutdown2.o(.ARM.Collect$$libshutdown$$0000000C)
    __rt_entry                               0x08000185   Thumb Code     0  __rtentry.o(.ARM.Collect$$rtentry$$00000000)
    __rt_entry_presh_1                       0x08000185   Thumb Code     0  __rtentry2.o(.ARM.Collect$$rtentry$$00000002)
    __rt_entry_sh                            0x08000185   Thumb Code     0  __rtentry4.o(.ARM.Collect$$rtentry$$00000004)
    __rt_entry_li                            0x0800018b   Thumb Code     0  __rtentry2.o(.ARM.Collect$$rtentry$$0000000A)
    __rt_entry_postsh_1                      0x0800018b   Thumb Code     0  __rtentry2.o(.ARM.Collect$$rtentry$$00000009)
    __rt_entry_main                          0x0800018f   Thumb Code     0  __rtentry2.o(.ARM.Collect$$rtentry$$0000000D)
    __rt_entry_postli_1                      0x0800018f   Thumb Code     0  __rtentry2.o(.ARM.Collect$$rtentry$$0000000C)
    __rt_exit                                0x08000197   Thumb Code     0  rtexit.o(.ARM.Collect$$rtexit$$00000000)
    __rt_exit_ls                             0x08000199   Thumb Code     0  rtexit2.o(.ARM.Collect$$rtexit$$00000003)
    __rt_exit_prels_1                        0x08000199   Thumb Code     0  rtexit2.o(.ARM.Collect$$rtexit$$00000002)
    __rt_exit_exit                           0x0800019d   Thumb Code     0  rtexit2.o(.ARM.Collect$$rtexit$$00000004)
    dis_DrawCurve                            0x080001a5   Thumb Code   126  main.o(.text)
    ESP_APP                                  0x08000223   Thumb Code   202  main.o(.text)
    main                                     0x080002ed   Thumb Code   998  main.o(.text)
    NMI_Handler                              0x080006d3   Thumb Code     2  stm32f10x_it.o(.text)
    HardFault_Handler                        0x080006d5   Thumb Code     4  stm32f10x_it.o(.text)
    MemManage_Handler                        0x080006d9   Thumb Code     4  stm32f10x_it.o(.text)
    BusFault_Handler                         0x080006dd   Thumb Code     4  stm32f10x_it.o(.text)
    UsageFault_Handler                       0x080006e1   Thumb Code     4  stm32f10x_it.o(.text)
    SVC_Handler                              0x080006e5   Thumb Code     2  stm32f10x_it.o(.text)
    DebugMon_Handler                         0x080006e7   Thumb Code     2  stm32f10x_it.o(.text)
    PendSV_Handler                           0x080006e9   Thumb Code     2  stm32f10x_it.o(.text)
    SysTick_Handler                          0x080006eb   Thumb Code     2  stm32f10x_it.o(.text)
    SystemInit                               0x080007cb   Thumb Code    78  system_stm32f10x.o(.text)
    SystemCoreClockUpdate                    0x08000819   Thumb Code   142  system_stm32f10x.o(.text)
    LED_Init                                 0x080008cd   Thumb Code    46  led.o(.text)
    beep                                     0x080008fb   Thumb Code   180  led.o(.text)
    Beep                                     0x080009af   Thumb Code   146  led.o(.text)
    IIC_Init                                 0x08000a49   Thumb Code    52  myiic.o(.text)
    IIC_Start                                0x08000a7d   Thumb Code    72  myiic.o(.text)
    IIC_Stop                                 0x08000ac5   Thumb Code    66  myiic.o(.text)
    IIC_Wait_Ack                             0x08000b07   Thumb Code    90  myiic.o(.text)
    IIC_Ack                                  0x08000b61   Thumb Code    70  myiic.o(.text)
    IIC_NAck                                 0x08000ba7   Thumb Code    70  myiic.o(.text)
    IIC_Send_Byte                            0x08000bed   Thumb Code    94  myiic.o(.text)
    IIC_Read_Byte                            0x08000c4b   Thumb Code   102  myiic.o(.text)
    IIC_WriteBytes                           0x08000cb1   Thumb Code    60  myiic.o(.text)
    IIC_ReadBytes                            0x08000ced   Thumb Code    94  myiic.o(.text)
    IIC_Read_One_Byte                        0x08000d4b   Thumb Code    62  myiic.o(.text)
    IIC_Write_One_Byte                       0x08000d89   Thumb Code    54  myiic.o(.text)
    max30102_Bus_Write                       0x08000dcd   Thumb Code    68  max30102.o(.text)
    max30102_Bus_Read                        0x08000e11   Thumb Code    82  max30102.o(.text)
    max30102_FIFO_ReadWords                  0x08000e63   Thumb Code   168  max30102.o(.text)
    max30102_FIFO_ReadBytes                  0x08000f0b   Thumb Code   128  max30102.o(.text)
    max30102_reset                           0x08000f8b   Thumb Code    20  max30102.o(.text)
    max30102_init                            0x08000f9f   Thumb Code   130  max30102.o(.text)
    maxim_max30102_write_reg                 0x08001021   Thumb Code    18  max30102.o(.text)
    maxim_max30102_read_reg                  0x08001033   Thumb Code    18  max30102.o(.text)
    maxim_max30102_read_fifo                 0x08001045   Thumb Code   124  max30102.o(.text)
    maxim_sort_ascend                        0x080010c5   Thumb Code    54  algorithm.o(.text)
    maxim_sort_indices_descend               0x080010fb   Thumb Code    64  algorithm.o(.text)
    maxim_remove_close_peaks                 0x0800113b   Thumb Code   114  algorithm.o(.text)
    maxim_peaks_above_min_height             0x080011ad   Thumb Code   122  algorithm.o(.text)
    maxim_find_peaks                         0x08001227   Thumb Code    66  algorithm.o(.text)
    maxim_heart_rate_and_oxygen_saturation   0x08001269   Thumb Code  1272  algorithm.o(.text)
    OLED_WR_Byte                             0x08001769   Thumb Code    84  oled.o(.text)
    OLED_Refresh_Gram                        0x080017bd   Thumb Code    70  oled.o(.text)
    OLED_Display_On                          0x08001803   Thumb Code    28  oled.o(.text)
    OLED_Display_Off                         0x0800181f   Thumb Code    28  oled.o(.text)
    OLED_Clear                               0x0800183b   Thumb Code    42  oled.o(.text)
    OLED_DrawPoint                           0x08001865   Thumb Code   100  oled.o(.text)
    OLED_Fill                                0x080018c9   Thumb Code    58  oled.o(.text)
    OLED_ShowChar                            0x08001903   Thumb Code   254  oled.o(.text)
    mypow                                    0x08001a01   Thumb Code    22  oled.o(.text)
    OLED_ShowNum                             0x08001a17   Thumb Code   148  oled.o(.text)
    OLED_ShowString                          0x08001aab   Thumb Code    94  oled.o(.text)
    OLED_Init                                0x08001b09   Thumb Code   294  oled.o(.text)
    ESP_Init                                 0x08001c31   Thumb Code    46  esp8266.o(.text)
    ESP_print                                0x08001c5f   Thumb Code    40  esp8266.o(.text)
    delay_init                               0x08001c9d   Thumb Code    50  delay.o(.text)
    delay_us                                 0x08001ccf   Thumb Code    72  delay.o(.text)
    delay_ms                                 0x08001d17   Thumb Code    72  delay.o(.text)
    _sys_exit                                0x08001d71   Thumb Code     6  usart.o(.text)
    fputc                                    0x08001d77   Thumb Code    24  usart.o(.text)
    uart_init                                0x08001d8f   Thumb Code   158  usart.o(.text)
    USART1_IRQHandler                        0x08001e2d   Thumb Code   122  usart.o(.text)
    Reset_Handler                            0x08001eb9   Thumb Code     8  startup_stm32f10x_ld.o(.text)
    ADC1_2_IRQHandler                        0x08001ed3   Thumb Code     0  startup_stm32f10x_ld.o(.text)
    CAN1_RX1_IRQHandler                      0x08001ed3   Thumb Code     0  startup_stm32f10x_ld.o(.text)
    CAN1_SCE_IRQHandler                      0x08001ed3   Thumb Code     0  startup_stm32f10x_ld.o(.text)
    DMA1_Channel1_IRQHandler                 0x08001ed3   Thumb Code     0  startup_stm32f10x_ld.o(.text)
    DMA1_Channel2_IRQHandler                 0x08001ed3   Thumb Code     0  startup_stm32f10x_ld.o(.text)
    DMA1_Channel3_IRQHandler                 0x08001ed3   Thumb Code     0  startup_stm32f10x_ld.o(.text)
    DMA1_Channel4_IRQHandler                 0x08001ed3   Thumb Code     0  startup_stm32f10x_ld.o(.text)
    DMA1_Channel5_IRQHandler                 0x08001ed3   Thumb Code     0  startup_stm32f10x_ld.o(.text)
    DMA1_Channel6_IRQHandler                 0x08001ed3   Thumb Code     0  startup_stm32f10x_ld.o(.text)
    DMA1_Channel7_IRQHandler                 0x08001ed3   Thumb Code     0  startup_stm32f10x_ld.o(.text)
    EXTI0_IRQHandler                         0x08001ed3   Thumb Code     0  startup_stm32f10x_ld.o(.text)
    EXTI15_10_IRQHandler                     0x08001ed3   Thumb Code     0  startup_stm32f10x_ld.o(.text)
    EXTI1_IRQHandler                         0x08001ed3   Thumb Code     0  startup_stm32f10x_ld.o(.text)
    EXTI2_IRQHandler                         0x08001ed3   Thumb Code     0  startup_stm32f10x_ld.o(.text)
    EXTI3_IRQHandler                         0x08001ed3   Thumb Code     0  startup_stm32f10x_ld.o(.text)
    EXTI4_IRQHandler                         0x08001ed3   Thumb Code     0  startup_stm32f10x_ld.o(.text)
    EXTI9_5_IRQHandler                       0x08001ed3   Thumb Code     0  startup_stm32f10x_ld.o(.text)
    FLASH_IRQHandler                         0x08001ed3   Thumb Code     0  startup_stm32f10x_ld.o(.text)
    I2C1_ER_IRQHandler                       0x08001ed3   Thumb Code     0  startup_stm32f10x_ld.o(.text)
    I2C1_EV_IRQHandler                       0x08001ed3   Thumb Code     0  startup_stm32f10x_ld.o(.text)
    PVD_IRQHandler                           0x08001ed3   Thumb Code     0  startup_stm32f10x_ld.o(.text)
    RCC_IRQHandler                           0x08001ed3   Thumb Code     0  startup_stm32f10x_ld.o(.text)
    RTCAlarm_IRQHandler                      0x08001ed3   Thumb Code     0  startup_stm32f10x_ld.o(.text)
    RTC_IRQHandler                           0x08001ed3   Thumb Code     0  startup_stm32f10x_ld.o(.text)
    SPI1_IRQHandler                          0x08001ed3   Thumb Code     0  startup_stm32f10x_ld.o(.text)
    TAMPER_IRQHandler                        0x08001ed3   Thumb Code     0  startup_stm32f10x_ld.o(.text)
    TIM1_BRK_IRQHandler                      0x08001ed3   Thumb Code     0  startup_stm32f10x_ld.o(.text)
    TIM1_CC_IRQHandler                       0x08001ed3   Thumb Code     0  startup_stm32f10x_ld.o(.text)
    TIM1_TRG_COM_IRQHandler                  0x08001ed3   Thumb Code     0  startup_stm32f10x_ld.o(.text)
    TIM1_UP_IRQHandler                       0x08001ed3   Thumb Code     0  startup_stm32f10x_ld.o(.text)
    TIM2_IRQHandler                          0x08001ed3   Thumb Code     0  startup_stm32f10x_ld.o(.text)
    TIM3_IRQHandler                          0x08001ed3   Thumb Code     0  startup_stm32f10x_ld.o(.text)
    USART2_IRQHandler                        0x08001ed3   Thumb Code     0  startup_stm32f10x_ld.o(.text)
    USBWakeUp_IRQHandler                     0x08001ed3   Thumb Code     0  startup_stm32f10x_ld.o(.text)
    USB_HP_CAN1_TX_IRQHandler                0x08001ed3   Thumb Code     0  startup_stm32f10x_ld.o(.text)
    USB_LP_CAN1_RX0_IRQHandler               0x08001ed3   Thumb Code     0  startup_stm32f10x_ld.o(.text)
    WWDG_IRQHandler                          0x08001ed3   Thumb Code     0  startup_stm32f10x_ld.o(.text)
    __user_initial_stackheap                 0x08001ed5   Thumb Code     0  startup_stm32f10x_ld.o(.text)
    GPIO_DeInit                              0x08001ef9   Thumb Code   172  stm32f10x_gpio.o(.text)
    GPIO_AFIODeInit                          0x08001fa5   Thumb Code    20  stm32f10x_gpio.o(.text)
    GPIO_Init                                0x08001fb9   Thumb Code   278  stm32f10x_gpio.o(.text)
    GPIO_StructInit                          0x080020cf   Thumb Code    16  stm32f10x_gpio.o(.text)
    GPIO_ReadInputDataBit                    0x080020df   Thumb Code    18  stm32f10x_gpio.o(.text)
    GPIO_ReadInputData                       0x080020f1   Thumb Code     8  stm32f10x_gpio.o(.text)
    GPIO_ReadOutputDataBit                   0x080020f9   Thumb Code    18  stm32f10x_gpio.o(.text)
    GPIO_ReadOutputData                      0x0800210b   Thumb Code     8  stm32f10x_gpio.o(.text)
    GPIO_SetBits                             0x08002113   Thumb Code     4  stm32f10x_gpio.o(.text)
    GPIO_ResetBits                           0x08002117   Thumb Code     4  stm32f10x_gpio.o(.text)
    GPIO_WriteBit                            0x0800211b   Thumb Code    10  stm32f10x_gpio.o(.text)
    GPIO_Write                               0x08002125   Thumb Code     4  stm32f10x_gpio.o(.text)
    GPIO_PinLockConfig                       0x08002129   Thumb Code    18  stm32f10x_gpio.o(.text)
    GPIO_EventOutputConfig                   0x0800213b   Thumb Code    26  stm32f10x_gpio.o(.text)
    GPIO_EventOutputCmd                      0x08002155   Thumb Code     6  stm32f10x_gpio.o(.text)
    GPIO_PinRemapConfig                      0x0800215b   Thumb Code   138  stm32f10x_gpio.o(.text)
    GPIO_EXTILineConfig                      0x080021e5   Thumb Code    66  stm32f10x_gpio.o(.text)
    GPIO_ETH_MediaInterfaceConfig            0x08002227   Thumb Code     8  stm32f10x_gpio.o(.text)
    RCC_DeInit                               0x08002255   Thumb Code    64  stm32f10x_rcc.o(.text)
    RCC_HSEConfig                            0x08002295   Thumb Code    70  stm32f10x_rcc.o(.text)
    RCC_GetFlagStatus                        0x080022db   Thumb Code    56  stm32f10x_rcc.o(.text)
    RCC_WaitForHSEStartUp                    0x08002313   Thumb Code    56  stm32f10x_rcc.o(.text)
    RCC_AdjustHSICalibrationValue            0x0800234b   Thumb Code    20  stm32f10x_rcc.o(.text)
    RCC_HSICmd                               0x0800235f   Thumb Code     6  stm32f10x_rcc.o(.text)
    RCC_PLLConfig                            0x08002365   Thumb Code    24  stm32f10x_rcc.o(.text)
    RCC_PLLCmd                               0x0800237d   Thumb Code     6  stm32f10x_rcc.o(.text)
    RCC_SYSCLKConfig                         0x08002383   Thumb Code    18  stm32f10x_rcc.o(.text)
    RCC_GetSYSCLKSource                      0x08002395   Thumb Code    10  stm32f10x_rcc.o(.text)
    RCC_HCLKConfig                           0x0800239f   Thumb Code    18  stm32f10x_rcc.o(.text)
    RCC_PCLK1Config                          0x080023b1   Thumb Code    18  stm32f10x_rcc.o(.text)
    RCC_PCLK2Config                          0x080023c3   Thumb Code    20  stm32f10x_rcc.o(.text)
    RCC_ITConfig                             0x080023d7   Thumb Code    26  stm32f10x_rcc.o(.text)
    RCC_USBCLKConfig                         0x080023f1   Thumb Code     8  stm32f10x_rcc.o(.text)
    RCC_ADCCLKConfig                         0x080023f9   Thumb Code    18  stm32f10x_rcc.o(.text)
    RCC_LSEConfig                            0x0800240b   Thumb Code    50  stm32f10x_rcc.o(.text)
    RCC_LSICmd                               0x0800243d   Thumb Code     6  stm32f10x_rcc.o(.text)
    RCC_RTCCLKConfig                         0x08002443   Thumb Code    12  stm32f10x_rcc.o(.text)
    RCC_RTCCLKCmd                            0x0800244f   Thumb Code     8  stm32f10x_rcc.o(.text)
    RCC_GetClocksFreq                        0x08002457   Thumb Code   192  stm32f10x_rcc.o(.text)
    RCC_AHBPeriphClockCmd                    0x08002517   Thumb Code    26  stm32f10x_rcc.o(.text)
    RCC_APB2PeriphClockCmd                   0x08002531   Thumb Code    26  stm32f10x_rcc.o(.text)
    RCC_APB1PeriphClockCmd                   0x0800254b   Thumb Code    26  stm32f10x_rcc.o(.text)
    RCC_APB2PeriphResetCmd                   0x08002565   Thumb Code    26  stm32f10x_rcc.o(.text)
    RCC_APB1PeriphResetCmd                   0x0800257f   Thumb Code    26  stm32f10x_rcc.o(.text)
    RCC_BackupResetCmd                       0x08002599   Thumb Code     8  stm32f10x_rcc.o(.text)
    RCC_ClockSecuritySystemCmd               0x080025a1   Thumb Code     6  stm32f10x_rcc.o(.text)
    RCC_MCOConfig                            0x080025a7   Thumb Code     6  stm32f10x_rcc.o(.text)
    RCC_ClearFlag                            0x080025ad   Thumb Code    14  stm32f10x_rcc.o(.text)
    RCC_GetITStatus                          0x080025bb   Thumb Code    20  stm32f10x_rcc.o(.text)
    RCC_ClearITPendingBit                    0x080025cf   Thumb Code     6  stm32f10x_rcc.o(.text)
    USART_DeInit                             0x080025f9   Thumb Code   134  stm32f10x_usart.o(.text)
    USART_Init                               0x0800267f   Thumb Code   210  stm32f10x_usart.o(.text)
    USART_StructInit                         0x08002751   Thumb Code    24  stm32f10x_usart.o(.text)
    USART_ClockInit                          0x08002769   Thumb Code    34  stm32f10x_usart.o(.text)
    USART_ClockStructInit                    0x0800278b   Thumb Code    12  stm32f10x_usart.o(.text)
    USART_Cmd                                0x08002797   Thumb Code    24  stm32f10x_usart.o(.text)
    USART_ITConfig                           0x080027af   Thumb Code    74  stm32f10x_usart.o(.text)
    USART_DMACmd                             0x080027f9   Thumb Code    18  stm32f10x_usart.o(.text)
    USART_SetAddress                         0x0800280b   Thumb Code    18  stm32f10x_usart.o(.text)
    USART_WakeUpConfig                       0x0800281d   Thumb Code    18  stm32f10x_usart.o(.text)
    USART_ReceiverWakeUpCmd                  0x0800282f   Thumb Code    24  stm32f10x_usart.o(.text)
    USART_LINBreakDetectLengthConfig         0x08002847   Thumb Code    18  stm32f10x_usart.o(.text)
    USART_LINCmd                             0x08002859   Thumb Code    24  stm32f10x_usart.o(.text)
    USART_SendData                           0x08002871   Thumb Code     8  stm32f10x_usart.o(.text)
    USART_ReceiveData                        0x08002879   Thumb Code    10  stm32f10x_usart.o(.text)
    USART_SendBreak                          0x08002883   Thumb Code    10  stm32f10x_usart.o(.text)
    USART_SetGuardTime                       0x0800288d   Thumb Code    16  stm32f10x_usart.o(.text)
    USART_SetPrescaler                       0x0800289d   Thumb Code    16  stm32f10x_usart.o(.text)
    USART_SmartCardCmd                       0x080028ad   Thumb Code    24  stm32f10x_usart.o(.text)
    USART_SmartCardNACKCmd                   0x080028c5   Thumb Code    24  stm32f10x_usart.o(.text)
    USART_HalfDuplexCmd                      0x080028dd   Thumb Code    24  stm32f10x_usart.o(.text)
    USART_OverSampling8Cmd                   0x080028f5   Thumb Code    22  stm32f10x_usart.o(.text)
    USART_OneBitMethodCmd                    0x0800290b   Thumb Code    24  stm32f10x_usart.o(.text)
    USART_IrDAConfig                         0x08002923   Thumb Code    18  stm32f10x_usart.o(.text)
    USART_IrDACmd                            0x08002935   Thumb Code    24  stm32f10x_usart.o(.text)
    USART_GetFlagStatus                      0x0800294d   Thumb Code    26  stm32f10x_usart.o(.text)
    USART_ClearFlag                          0x08002967   Thumb Code    18  stm32f10x_usart.o(.text)
    USART_GetITStatus                        0x08002979   Thumb Code    84  stm32f10x_usart.o(.text)
    USART_ClearITPendingBit                  0x080029cd   Thumb Code    52  stm32f10x_usart.o(.text)
    NVIC_PriorityGroupConfig                 0x08002a01   Thumb Code    10  misc.o(.text)
    NVIC_Init                                0x08002a0b   Thumb Code   100  misc.o(.text)
    NVIC_SetVectorTable                      0x08002a6f   Thumb Code    14  misc.o(.text)
    NVIC_SystemLPConfig                      0x08002a7d   Thumb Code    34  misc.o(.text)
    SysTick_CLKSourceConfig                  0x08002a9f   Thumb Code    40  misc.o(.text)
    __use_no_semihosting                     0x08002add   Thumb Code     2  use_no_semi_2.o(.text)
    __2printf                                0x08002ae1   Thumb Code    20  noretval__2printf.o(.text)
    __2sprintf                               0x08002af9   Thumb Code    34  noretval__2sprintf.o(.text)
    _printf_pre_padding                      0x08002b21   Thumb Code    44  _printf_pad.o(.text)
    _printf_post_padding                     0x08002b4d   Thumb Code    34  _printf_pad.o(.text)
    _printf_int_dec                          0x08002b71   Thumb Code   104  _printf_dec.o(.text)
    __printf                                 0x08002be9   Thumb Code   270  __printf_wp.o(.text)
    atoi                                     0x08002cf7   Thumb Code    26  atoi.o(.text)
    strstr                                   0x08002d11   Thumb Code    36  strstr.o(.text)
    strlen                                   0x08002d35   Thumb Code    62  strlen.o(.text)
    __aeabi_memclr                           0x08002d73   Thumb Code     0  rt_memclr.o(.text)
    __rt_memclr                              0x08002d73   Thumb Code    68  rt_memclr.o(.text)
    _memset                                  0x08002d77   Thumb Code     0  rt_memclr.o(.text)
    strncpy                                  0x08002db7   Thumb Code    86  strncpy.o(.text)
    __use_two_region_memory                  0x08002e0d   Thumb Code     2  heapauxi.o(.text)
    __rt_heap_escrow$2region                 0x08002e0f   Thumb Code     2  heapauxi.o(.text)
    __rt_heap_expand$2region                 0x08002e11   Thumb Code     2  heapauxi.o(.text)
    __I$use$semihosting                      0x08002e13   Thumb Code     0  use_no_semi.o(.text)
    __use_no_semihosting_swi                 0x08002e13   Thumb Code     2  use_no_semi.o(.text)
    __aeabi_errno_addr                       0x08002e15   Thumb Code     8  rt_errno_addr_intlibspace.o(.text)
    __errno$intlibspace                      0x08002e15   Thumb Code     0  rt_errno_addr_intlibspace.o(.text)
    __rt_errno_addr$intlibspace              0x08002e15   Thumb Code     0  rt_errno_addr_intlibspace.o(.text)
    _printf_int_common                       0x08002e1d   Thumb Code   178  _printf_intcommon.o(.text)
    _printf_char_common                      0x08002edb   Thumb Code    32  _printf_char_common.o(.text)
    _sputc                                   0x08002f01   Thumb Code    10  _sputc.o(.text)
    _printf_char_file                        0x08002f0d   Thumb Code    32  _printf_char_file.o(.text)
    strtol                                   0x08002f31   Thumb Code   112  strtol.o(.text)
    __aeabi_memclr4                          0x08002fa1   Thumb Code     0  rt_memclr_w.o(.text)
    __aeabi_memclr8                          0x08002fa1   Thumb Code     0  rt_memclr_w.o(.text)
    __rt_memclr_w                            0x08002fa1   Thumb Code    78  rt_memclr_w.o(.text)
    _memset_w                                0x08002fa5   Thumb Code     0  rt_memclr_w.o(.text)
    __user_libspace                          0x08002ff1   Thumb Code     8  libspace.o(.text)
    __user_perproc_libspace                  0x08002ff1   Thumb Code     0  libspace.o(.text)
    __user_perthread_libspace                0x08002ff1   Thumb Code     0  libspace.o(.text)
    __rt_ctype_table                         0x08002ff9   Thumb Code    16  rt_ctype_table.o(.text)
    _strtoul                                 0x08003009   Thumb Code   158  _strtoul.o(.text)
    ferror                                   0x080030a7   Thumb Code     8  ferror.o(.text)
    __user_setup_stackheap                   0x080030af   Thumb Code    74  sys_stackheap_outer.o(.text)
    __rt_locale                              0x080030f9   Thumb Code     8  rt_locale_intlibspace.o(.text)
    _chval                                   0x08003101   Thumb Code    28  _chval.o(.text)
    exit                                     0x0800311d   Thumb Code    18  exit.o(.text)
    strcmp                                   0x08003131   Thumb Code   128  strcmpv7m.o(.text)
    _is_digit                                0x080031b1   Thumb Code    14  __printf_wp.o(i._is_digit)
    _get_lc_ctype                            0x080031c1   Thumb Code    44  lc_ctype_c.o(locale$$code)
    __aeabi_fdiv                             0x080031ed   Thumb Code     0  fdiv.o(x$fpl$fdiv)
    _fdiv                                    0x080031ed   Thumb Code   384  fdiv.o(x$fpl$fdiv)
    __aeabi_f2iz                             0x08003371   Thumb Code     0  ffix.o(x$fpl$ffix)
    _ffix                                    0x08003371   Thumb Code    54  ffix.o(x$fpl$ffix)
    __aeabi_ui2f                             0x080033a9   Thumb Code     0  fflt_clz.o(x$fpl$ffltu)
    _ffltu                                   0x080033a9   Thumb Code    38  fflt_clz.o(x$fpl$ffltu)
    __aeabi_fmul                             0x080033d1   Thumb Code     0  fmul.o(x$fpl$fmul)
    _fmul                                    0x080033d1   Thumb Code   258  fmul.o(x$fpl$fmul)
    __fpl_fnaninf                            0x080034d3   Thumb Code   140  fnaninf.o(x$fpl$fnaninf)
    __fpl_fretinf                            0x0800355f   Thumb Code    10  fretinf.o(x$fpl$fretinf)
    __I$use$fp                               0x08003568   Number         0  usenofp.o(x$fpl$usenofp)
    auw_hamm                                 0x08003568   Data          62  algorithm.o(.constdata)
    uch_spo2_table                           0x080035a6   Data         184  algorithm.o(.constdata)
    asc2_1206                                0x0800365e   Data        1140  oled.o(.constdata)
    asc2_1608                                0x08003ad2   Data        1520  oled.o(.constdata)
    asc2_2412                                0x080040c2   Data        3420  oled.o(.constdata)
    Region$$Table$$Base                      0x0800518c   Number         0  anon$$obj.o(Region$$Table)
    Region$$Table$$Limit                     0x080051ac   Number         0  anon$$obj.o(Region$$Table)
    __ctype                                  0x080051b9   Data           0  lc_ctype_c.o(locale$$data)
    n_ir_buffer_length                       0x20000000   Data           4  main.o(.data)
    n_sp02                                   0x20000004   Data           4  main.o(.data)
    ch_spo2_valid                            0x20000008   Data           1  main.o(.data)
    n_heart_rate                             0x2000000c   Data           4  main.o(.data)
    ch_hr_valid                              0x20000010   Data           1  main.o(.data)
    uch_dummy                                0x20000011   Data           1  main.o(.data)
    MAX_hr                                   0x20000012   Data           1  main.o(.data)
    MIN_sp                                   0x20000013   Data           1  main.o(.data)
    SystemCoreClock                          0x20000014   Data           4  system_stm32f10x.o(.data)
    AHBPrescTable                            0x20000018   Data          16  system_stm32f10x.o(.data)
    __stdout                                 0x2000002c   Data           4  usart.o(.data)
    USART_RX_STA                             0x20000030   Data           2  usart.o(.data)
    aun_ir_buffer                            0x20000048   Data        2000  main.o(.bss)
    aun_red_buffer                           0x20000818   Data        2000  main.o(.bss)
    OLED_GRAM                                0x20002748   Data        1024  oled.o(.bss)
    USART_RX_BUF                             0x20002b48   Data         200  usart.o(.bss)
    __libspace_start                         0x20002c10   Data          96  libspace.o(.bss)
    __temporary_stack_top$libspace           0x20002c70   Data           0  libspace.o(.bss)



==============================================================================

Memory Map of the image

  Image Entry point : 0x080000ed

  Load Region LR_IROM1 (Base: 0x08000000, Size: 0x00005304, Max: 0x00010000, ABSOLUTE)

    Execution Region ER_IROM1 (Exec base: 0x08000000, Load base: 0x08000000, Size: 0x000052bc, Max: 0x00010000, ABSOLUTE)

    Exec Addr    Load Addr    Size         Type   Attr      Idx    E Section Name        Object

    0x08000000   0x08000000   0x000000ec   Data   RO          289    RESET               startup_stm32f10x_ld.o
    0x080000ec   0x080000ec   0x00000008   Code   RO          396  * !!!main             c_w.l(__main.o)
    0x080000f4   0x080000f4   0x00000034   Code   RO          612    !!!scatter          c_w.l(__scatter.o)
    0x08000128   0x08000128   0x0000001a   Code   RO          614    !!handler_copy      c_w.l(__scatter_copy.o)
    0x08000142   0x08000142   0x00000002   PAD
    0x08000144   0x08000144   0x0000001c   Code   RO          616    !!handler_zi        c_w.l(__scatter_zi.o)
    0x08000160   0x08000160   0x00000000   Code   RO          383    .ARM.Collect$$_printf_percent$$00000000  c_w.l(_printf_percent.o)
    0x08000160   0x08000160   0x00000006   Code   RO          382    .ARM.Collect$$_printf_percent$$00000009  c_w.l(_printf_d.o)
    0x08000166   0x08000166   0x00000004   Code   RO          430    .ARM.Collect$$_printf_percent$$00000017  c_w.l(_printf_percent_end.o)
    0x0800016a   0x0800016a   0x00000002   Code   RO          487    .ARM.Collect$$libinit$$00000000  c_w.l(libinit.o)
    0x0800016c   0x0800016c   0x00000000   Code   RO          493    .ARM.Collect$$libinit$$00000002  c_w.l(libinit2.o)
    0x0800016c   0x0800016c   0x00000000   Code   RO          495    .ARM.Collect$$libinit$$00000004  c_w.l(libinit2.o)
    0x0800016c   0x0800016c   0x00000000   Code   RO          498    .ARM.Collect$$libinit$$0000000A  c_w.l(libinit2.o)
    0x0800016c   0x0800016c   0x00000000   Code   RO          500    .ARM.Collect$$libinit$$0000000C  c_w.l(libinit2.o)
    0x0800016c   0x0800016c   0x00000000   Code   RO          502    .ARM.Collect$$libinit$$0000000E  c_w.l(libinit2.o)
    0x0800016c   0x0800016c   0x00000006   Code   RO          503    .ARM.Collect$$libinit$$0000000F  c_w.l(libinit2.o)
    0x08000172   0x08000172   0x00000000   Code   RO          505    .ARM.Collect$$libinit$$00000011  c_w.l(libinit2.o)
    0x08000172   0x08000172   0x0000000c   Code   RO          506    .ARM.Collect$$libinit$$00000012  c_w.l(libinit2.o)
    0x0800017e   0x0800017e   0x00000000   Code   RO          507    .ARM.Collect$$libinit$$00000013  c_w.l(libinit2.o)
    0x0800017e   0x0800017e   0x00000000   Code   RO          509    .ARM.Collect$$libinit$$00000015  c_w.l(libinit2.o)
    0x0800017e   0x0800017e   0x00000000   Code   RO          511    .ARM.Collect$$libinit$$00000017  c_w.l(libinit2.o)
    0x0800017e   0x0800017e   0x00000000   Code   RO          513    .ARM.Collect$$libinit$$00000019  c_w.l(libinit2.o)
    0x0800017e   0x0800017e   0x00000000   Code   RO          515    .ARM.Collect$$libinit$$0000001B  c_w.l(libinit2.o)
    0x0800017e   0x0800017e   0x00000000   Code   RO          517    .ARM.Collect$$libinit$$0000001D  c_w.l(libinit2.o)
    0x0800017e   0x0800017e   0x00000000   Code   RO          519    .ARM.Collect$$libinit$$0000001F  c_w.l(libinit2.o)
    0x0800017e   0x0800017e   0x00000000   Code   RO          521    .ARM.Collect$$libinit$$00000021  c_w.l(libinit2.o)
    0x0800017e   0x0800017e   0x00000000   Code   RO          523    .ARM.Collect$$libinit$$00000023  c_w.l(libinit2.o)
    0x0800017e   0x0800017e   0x00000000   Code   RO          525    .ARM.Collect$$libinit$$00000025  c_w.l(libinit2.o)
    0x0800017e   0x0800017e   0x00000000   Code   RO          529    .ARM.Collect$$libinit$$0000002C  c_w.l(libinit2.o)
    0x0800017e   0x0800017e   0x00000000   Code   RO          531    .ARM.Collect$$libinit$$0000002E  c_w.l(libinit2.o)
    0x0800017e   0x0800017e   0x00000000   Code   RO          533    .ARM.Collect$$libinit$$00000030  c_w.l(libinit2.o)
    0x0800017e   0x0800017e   0x00000000   Code   RO          535    .ARM.Collect$$libinit$$00000032  c_w.l(libinit2.o)
    0x0800017e   0x0800017e   0x00000002   Code   RO          536    .ARM.Collect$$libinit$$00000033  c_w.l(libinit2.o)
    0x08000180   0x08000180   0x00000002   Code   RO          554    .ARM.Collect$$libshutdown$$00000000  c_w.l(libshutdown.o)
    0x08000182   0x08000182   0x00000000   Code   RO          564    .ARM.Collect$$libshutdown$$00000002  c_w.l(libshutdown2.o)
    0x08000182   0x08000182   0x00000000   Code   RO          566    .ARM.Collect$$libshutdown$$00000004  c_w.l(libshutdown2.o)
    0x08000182   0x08000182   0x00000000   Code   RO          569    .ARM.Collect$$libshutdown$$00000007  c_w.l(libshutdown2.o)
    0x08000182   0x08000182   0x00000000   Code   RO          572    .ARM.Collect$$libshutdown$$0000000A  c_w.l(libshutdown2.o)
    0x08000182   0x08000182   0x00000000   Code   RO          574    .ARM.Collect$$libshutdown$$0000000C  c_w.l(libshutdown2.o)
    0x08000182   0x08000182   0x00000000   Code   RO          577    .ARM.Collect$$libshutdown$$0000000F  c_w.l(libshutdown2.o)
    0x08000182   0x08000182   0x00000002   Code   RO          578    .ARM.Collect$$libshutdown$$00000010  c_w.l(libshutdown2.o)
    0x08000184   0x08000184   0x00000000   Code   RO          416    .ARM.Collect$$rtentry$$00000000  c_w.l(__rtentry.o)
    0x08000184   0x08000184   0x00000000   Code   RO          444    .ARM.Collect$$rtentry$$00000002  c_w.l(__rtentry2.o)
    0x08000184   0x08000184   0x00000006   Code   RO          456    .ARM.Collect$$rtentry$$00000004  c_w.l(__rtentry4.o)
    0x0800018a   0x0800018a   0x00000000   Code   RO          446    .ARM.Collect$$rtentry$$00000009  c_w.l(__rtentry2.o)
    0x0800018a   0x0800018a   0x00000004   Code   RO          447    .ARM.Collect$$rtentry$$0000000A  c_w.l(__rtentry2.o)
    0x0800018e   0x0800018e   0x00000000   Code   RO          449    .ARM.Collect$$rtentry$$0000000C  c_w.l(__rtentry2.o)
    0x0800018e   0x0800018e   0x00000008   Code   RO          450    .ARM.Collect$$rtentry$$0000000D  c_w.l(__rtentry2.o)
    0x08000196   0x08000196   0x00000002   Code   RO          488    .ARM.Collect$$rtexit$$00000000  c_w.l(rtexit.o)
    0x08000198   0x08000198   0x00000000   Code   RO          538    .ARM.Collect$$rtexit$$00000002  c_w.l(rtexit2.o)
    0x08000198   0x08000198   0x00000004   Code   RO          539    .ARM.Collect$$rtexit$$00000003  c_w.l(rtexit2.o)
    0x0800019c   0x0800019c   0x00000006   Code   RO          540    .ARM.Collect$$rtexit$$00000004  c_w.l(rtexit2.o)
    0x080001a2   0x080001a2   0x00000002   PAD
    0x080001a4   0x080001a4   0x0000052e   Code   RO            1    .text               main.o
    0x080006d2   0x080006d2   0x0000001a   Code   RO           86    .text               stm32f10x_it.o
    0x080006ec   0x080006ec   0x000001e0   Code   RO          118    .text               system_stm32f10x.o
    0x080008cc   0x080008cc   0x0000017c   Code   RO          136    .text               led.o
    0x08000a48   0x08000a48   0x00000384   Code   RO          149    .text               myiic.o
    0x08000dcc   0x08000dcc   0x000002f8   Code   RO          161    .text               max30102.o
    0x080010c4   0x080010c4   0x000006a4   Code   RO          173    .text               algorithm.o
    0x08001768   0x08001768   0x000004c6   Code   RO          189    .text               oled.o
    0x08001c2e   0x08001c2e   0x00000002   PAD
    0x08001c30   0x08001c30   0x0000006c   Code   RO          211    .text               esp8266.o
    0x08001c9c   0x08001c9c   0x000000d4   Code   RO          227    .text               delay.o
    0x08001d70   0x08001d70   0x00000148   Code   RO          253    .text               usart.o
    0x08001eb8   0x08001eb8   0x00000040   Code   RO          290    .text               startup_stm32f10x_ld.o
    0x08001ef8   0x08001ef8   0x0000035c   Code   RO          294    .text               stm32f10x_gpio.o
    0x08002254   0x08002254   0x000003a4   Code   RO          306    .text               stm32f10x_rcc.o
    0x080025f8   0x080025f8   0x00000408   Code   RO          320    .text               stm32f10x_usart.o
    0x08002a00   0x08002a00   0x000000dc   Code   RO          332    .text               misc.o
    0x08002adc   0x08002adc   0x00000002   Code   RO          346    .text               c_w.l(use_no_semi_2.o)
    0x08002ade   0x08002ade   0x00000002   PAD
    0x08002ae0   0x08002ae0   0x00000018   Code   RO          352    .text               c_w.l(noretval__2printf.o)
    0x08002af8   0x08002af8   0x00000028   Code   RO          354    .text               c_w.l(noretval__2sprintf.o)
    0x08002b20   0x08002b20   0x0000004e   Code   RO          358    .text               c_w.l(_printf_pad.o)
    0x08002b6e   0x08002b6e   0x00000002   PAD
    0x08002b70   0x08002b70   0x00000078   Code   RO          360    .text               c_w.l(_printf_dec.o)
    0x08002be8   0x08002be8   0x0000010e   Code   RO          370    .text               c_w.l(__printf_wp.o)
    0x08002cf6   0x08002cf6   0x0000001a   Code   RO          384    .text               c_w.l(atoi.o)
    0x08002d10   0x08002d10   0x00000024   Code   RO          386    .text               c_w.l(strstr.o)
    0x08002d34   0x08002d34   0x0000003e   Code   RO          388    .text               c_w.l(strlen.o)
    0x08002d72   0x08002d72   0x00000044   Code   RO          390    .text               c_w.l(rt_memclr.o)
    0x08002db6   0x08002db6   0x00000056   Code   RO          392    .text               c_w.l(strncpy.o)
    0x08002e0c   0x08002e0c   0x00000006   Code   RO          394    .text               c_w.l(heapauxi.o)
    0x08002e12   0x08002e12   0x00000002   Code   RO          414    .text               c_w.l(use_no_semi.o)
    0x08002e14   0x08002e14   0x00000008   Code   RO          420    .text               c_w.l(rt_errno_addr_intlibspace.o)
    0x08002e1c   0x08002e1c   0x000000b2   Code   RO          422    .text               c_w.l(_printf_intcommon.o)
    0x08002ece   0x08002ece   0x00000002   PAD
    0x08002ed0   0x08002ed0   0x00000030   Code   RO          424    .text               c_w.l(_printf_char_common.o)
    0x08002f00   0x08002f00   0x0000000a   Code   RO          426    .text               c_w.l(_sputc.o)
    0x08002f0a   0x08002f0a   0x00000002   PAD
    0x08002f0c   0x08002f0c   0x00000024   Code   RO          428    .text               c_w.l(_printf_char_file.o)
    0x08002f30   0x08002f30   0x00000070   Code   RO          431    .text               c_w.l(strtol.o)
    0x08002fa0   0x08002fa0   0x0000004e   Code   RO          433    .text               c_w.l(rt_memclr_w.o)
    0x08002fee   0x08002fee   0x00000002   PAD
    0x08002ff0   0x08002ff0   0x00000008   Code   RO          440    .text               c_w.l(libspace.o)
    0x08002ff8   0x08002ff8   0x00000010   Code   RO          458    .text               c_w.l(rt_ctype_table.o)
    0x08003008   0x08003008   0x0000009e   Code   RO          462    .text               c_w.l(_strtoul.o)
    0x080030a6   0x080030a6   0x00000008   Code   RO          464    .text               c_w.l(ferror.o)
    0x080030ae   0x080030ae   0x0000004a   Code   RO          468    .text               c_w.l(sys_stackheap_outer.o)
    0x080030f8   0x080030f8   0x00000008   Code   RO          473    .text               c_w.l(rt_locale_intlibspace.o)
    0x08003100   0x08003100   0x0000001c   Code   RO          475    .text               c_w.l(_chval.o)
    0x0800311c   0x0800311c   0x00000012   Code   RO          480    .text               c_w.l(exit.o)
    0x0800312e   0x0800312e   0x00000002   PAD
    0x08003130   0x08003130   0x00000080   Code   RO          490    .text               c_w.l(strcmpv7m.o)
    0x080031b0   0x080031b0   0x0000000e   Code   RO          372    i._is_digit         c_w.l(__printf_wp.o)
    0x080031be   0x080031be   0x00000002   PAD
    0x080031c0   0x080031c0   0x0000002c   Code   RO          478    locale$$code        c_w.l(lc_ctype_c.o)
    0x080031ec   0x080031ec   0x00000184   Code   RO          399    x$fpl$fdiv          fz_ws.l(fdiv.o)
    0x08003370   0x08003370   0x00000036   Code   RO          402    x$fpl$ffix          fz_ws.l(ffix.o)
    0x080033a6   0x080033a6   0x00000002   PAD
    0x080033a8   0x080033a8   0x00000026   Code   RO          406    x$fpl$ffltu         fz_ws.l(fflt_clz.o)
    0x080033ce   0x080033ce   0x00000002   PAD
    0x080033d0   0x080033d0   0x00000102   Code   RO          412    x$fpl$fmul          fz_ws.l(fmul.o)
    0x080034d2   0x080034d2   0x0000008c   Code   RO          435    x$fpl$fnaninf       fz_ws.l(fnaninf.o)
    0x0800355e   0x0800355e   0x0000000a   Code   RO          437    x$fpl$fretinf       fz_ws.l(fretinf.o)
    0x08003568   0x08003568   0x00000000   Code   RO          439    x$fpl$usenofp       fz_ws.l(usenofp.o)
    0x08003568   0x08003568   0x000000f6   Data   RO          175    .constdata          algorithm.o
    0x0800365e   0x0800365e   0x000017c0   Data   RO          191    .constdata          oled.o
    0x08004e1e   0x08004e1e   0x00000002   PAD
    0x08004e20   0x08004e20   0x000000b9   Data   RO          137    .conststring        led.o
    0x08004ed9   0x08004ed9   0x00000003   PAD
    0x08004edc   0x08004edc   0x000002ae   Data   RO          212    .conststring        esp8266.o
    0x0800518a   0x0800518a   0x00000002   PAD
    0x0800518c   0x0800518c   0x00000020   Data   RO          610    Region$$Table       anon$$obj.o
    0x080051ac   0x080051ac   0x00000110   Data   RO          477    locale$$data        c_w.l(lc_ctype_c.o)


    Execution Region RW_IRAM1 (Exec base: 0x20000000, Load base: 0x080052bc, Size: 0x00003270, Max: 0x00005000, ABSOLUTE)

    Exec Addr    Load Addr    Size         Type   Attr      Idx    E Section Name        Object

    0x20000000   0x080052bc   0x00000014   Data   RW            3    .data               main.o
    0x20000014   0x080052d0   0x00000014   Data   RW          119    .data               system_stm32f10x.o
    0x20000028   0x080052e4   0x00000004   Data   RW          228    .data               delay.o
    0x2000002c   0x080052e8   0x00000006   Data   RW          255    .data               usart.o
    0x20000032   0x080052ee   0x00000014   Data   RW          307    .data               stm32f10x_rcc.o
    0x20000046   0x08005302   0x00000002   PAD
    0x20000048        -       0x00000fa0   Zero   RW            2    .bss                main.o
    0x20000fe8        -       0x00001760   Zero   RW          174    .bss                algorithm.o
    0x20002748        -       0x00000400   Zero   RW          190    .bss                oled.o
    0x20002b48        -       0x000000c8   Zero   RW          254    .bss                usart.o
    0x20002c10        -       0x00000060   Zero   RW          441    .bss                c_w.l(libspace.o)
    0x20002c70        -       0x00000200   Zero   RW          288    HEAP                startup_stm32f10x_ld.o
    0x20002e70        -       0x00000400   Zero   RW          287    STACK               startup_stm32f10x_ld.o


==============================================================================

Image component sizes


      Code (inc. data)   RO Data    RW Data    ZI Data      Debug   Object Name

      1700         30        246          0       5984       5711   algorithm.o
         0          0          0          0          0         32   core_cm3.o
       212         18          0          4          0       1067   delay.o
       108         22        686          0          0        673   esp8266.o
       380          8        185          0          0       1101   led.o
      1326        172          0         20       4000     234509   main.o
       760          4          0          0          0       3550   max30102.o
       220         22          0          0          0       1833   misc.o
       900         14          0          0          0       3610   myiic.o
      1222         28       6080          0       1024       5219   oled.o
        64         26        236          0       1536        864   startup_stm32f10x_ld.o
       860         38          0          0          0       5765   stm32f10x_gpio.o
        26          0          0          0          0       1194   stm32f10x_it.o
       932         36          0         20          0       8956   stm32f10x_rcc.o
      1032         22          0          0          0       8488   stm32f10x_usart.o
       480         38          0         20          0       1787   system_stm32f10x.o
       328         18          0          6        200       3234   usart.o

    ----------------------------------------------------------------------
     10552        496       7472         72      12744     287593   Object Totals
         0          0         32          0          0          0   (incl. Generated)
         2          0          7          2          0          0   (incl. Padding)

    ----------------------------------------------------------------------

      Code (inc. data)   RO Data    RW Data    ZI Data      Debug   Library Member Name

         8          0          0          0          0         68   __main.o
       284          0          0          0          0        156   __printf_wp.o
         0          0          0          0          0          0   __rtentry.o
        12          0          0          0          0          0   __rtentry2.o
         6          0          0          0          0          0   __rtentry4.o
        52          8          0          0          0          0   __scatter.o
        26          0          0          0          0          0   __scatter_copy.o
        28          0          0          0          0          0   __scatter_zi.o
        28          0          0          0          0         68   _chval.o
        48          6          0          0          0         96   _printf_char_common.o
        36          4          0          0          0         80   _printf_char_file.o
         6          0          0          0          0          0   _printf_d.o
       120         16          0          0          0         92   _printf_dec.o
       178          0          0          0          0         88   _printf_intcommon.o
        78          0          0          0          0        108   _printf_pad.o
         0          0          0          0          0          0   _printf_percent.o
         4          0          0          0          0          0   _printf_percent_end.o
        10          0          0          0          0         68   _sputc.o
       158          0          0          0          0         92   _strtoul.o
        26          0          0          0          0         80   atoi.o
        18          0          0          0          0         80   exit.o
         8          0          0          0          0         68   ferror.o
         6          0          0          0          0        152   heapauxi.o
        44         10        272          0          0         76   lc_ctype_c.o
         2          0          0          0          0          0   libinit.o
        20          0          0          0          0          0   libinit2.o
         2          0          0          0          0          0   libshutdown.o
         2          0          0          0          0          0   libshutdown2.o
         8          4          0          0         96         68   libspace.o
        24          4          0          0          0         84   noretval__2printf.o
        40          6          0          0          0         84   noretval__2sprintf.o
        16          4          0          0          0         76   rt_ctype_table.o
         8          4          0          0          0         68   rt_errno_addr_intlibspace.o
         8          4          0          0          0         68   rt_locale_intlibspace.o
        68          0          0          0          0         68   rt_memclr.o
        78          0          0          0          0         80   rt_memclr_w.o
         2          0          0          0          0          0   rtexit.o
        10          0          0          0          0          0   rtexit2.o
       128          0          0          0          0         68   strcmpv7m.o
        62          0          0          0          0         76   strlen.o
        86          0          0          0          0         76   strncpy.o
        36          0          0          0          0         80   strstr.o
       112          0          0          0          0         88   strtol.o
        74          0          0          0          0         80   sys_stackheap_outer.o
         2          0          0          0          0         68   use_no_semi.o
         2          0          0          0          0         68   use_no_semi_2.o
       388         76          0          0          0         96   fdiv.o
        54          4          0          0          0         84   ffix.o
        38          0          0          0          0         68   fflt_clz.o
       258          4          0          0          0         84   fmul.o
       140          4          0          0          0         84   fnaninf.o
        10          0          0          0          0         68   fretinf.o
         0          0          0          0          0          0   usenofp.o

    ----------------------------------------------------------------------
      2884        158        272          0         96       3056   Library Totals
        22          0          0          0          0          0   (incl. Padding)

    ----------------------------------------------------------------------

      Code (inc. data)   RO Data    RW Data    ZI Data      Debug   Library Name

      1974         70        272          0         96       2572   c_w.l
       888         88          0          0          0        484   fz_ws.l

    ----------------------------------------------------------------------
      2884        158        272          0         96       3056   Library Totals

    ----------------------------------------------------------------------

==============================================================================


      Code (inc. data)   RO Data    RW Data    ZI Data      Debug   

     13436        654       7744         72      12840     287889   Grand Totals
     13436        654       7744         72      12840     287889   ELF Image Totals
     13436        654       7744         72          0          0   ROM Totals

==============================================================================

    Total RO  Size (Code + RO Data)                21180 (  20.68kB)
    Total RW  Size (RW Data + ZI Data)             12912 (  12.61kB)
    Total ROM Size (Code + RO Data + RW Data)      21252 (  20.75kB)

==============================================================================

